Java HotSpot(TM) 64-Bit Server VM (25.171-b11) for windows-amd64 JRE (1.8.0_171-b11), built on Mar 28 2018 16:06:12 by "java_re" with MS VC++ 10.0 (VS2010)
Memory: 4k page, physical 16658664k(6847944k free), swap 39727336k(22879320k free)
CommandLine flags: -XX:InitialHeapSize=1073741824 -XX:MaxHeapSize=1073741824 -XX:+PrintGC -XX:+PrintGCDateStamps -XX:+PrintGCDetails -XX:+PrintGCTimeStamps -XX:+UseCompressedClassPointers -XX:+UseCompressedOops -XX:-UseLargePagesIndividualAllocation -XX:+UseSerialGC 
2020-10-29T14:50:55.961+0800: 0.270: [GC (Allocation Failure) 2020-10-29T14:50:55.961+0800: 0.270: [DefNew: 279616K->34943K(314560K), 0.0423017 secs] 279616K->89277K(1013632K), 0.0426075 secs] [Times: user=0.02 sys=0.03, real=0.04 secs] 
2020-10-29T14:50:56.043+0800: 0.353: [GC (Allocation Failure) 2020-10-29T14:50:56.043+0800: 0.353: [DefNew: 314559K->34943K(314560K), 0.0508415 secs] 368893K->160948K(1013632K), 0.0510810 secs] [Times: user=0.02 sys=0.03, real=0.05 secs] 
2020-10-29T14:50:56.128+0800: 0.439: [GC (Allocation Failure) 2020-10-29T14:50:56.129+0800: 0.439: [DefNew: 314559K->34944K(314560K), 0.0414134 secs] 440564K->239336K(1013632K), 0.0416933 secs] [Times: user=0.03 sys=0.00, real=0.04 secs] 
2020-10-29T14:50:56.203+0800: 0.513: [GC (Allocation Failure) 2020-10-29T14:50:56.203+0800: 0.513: [DefNew: 314409K->34942K(314560K), 0.0456212 secs] 518801K->325065K(1013632K), 0.0458476 secs] [Times: user=0.03 sys=0.02, real=0.05 secs] 
2020-10-29T14:50:56.282+0800: 0.592: [GC (Allocation Failure) 2020-10-29T14:50:56.282+0800: 0.592: [DefNew: 314558K->34943K(314560K), 0.0412855 secs] 604681K->401650K(1013632K), 0.0415006 secs] [Times: user=0.03 sys=0.02, real=0.04 secs] 
2020-10-29T14:50:56.355+0800: 0.665: [GC (Allocation Failure) 2020-10-29T14:50:56.355+0800: 0.665: [DefNew: 314559K->34944K(314560K), 0.0440048 secs] 681266K->485107K(1013632K), 0.0442335 secs] [Times: user=0.05 sys=0.00, real=0.04 secs] 
2020-10-29T14:50:56.431+0800: 0.741: [GC (Allocation Failure) 2020-10-29T14:50:56.431+0800: 0.741: [DefNew: 314560K->34943K(314560K), 0.0417399 secs] 764723K->562369K(1013632K), 0.0419635 secs] [Times: user=0.03 sys=0.01, real=0.04 secs] 
2020-10-29T14:50:56.505+0800: 0.815: [GC (Allocation Failure) 2020-10-29T14:50:56.505+0800: 0.815: [DefNew: 314559K->34942K(314560K), 0.0401107 secs] 841985K->637693K(1013632K), 0.0403279 secs] [Times: user=0.01 sys=0.02, real=0.04 secs] 
2020-10-29T14:50:56.577+0800: 0.887: [GC (Allocation Failure) 2020-10-29T14:50:56.577+0800: 0.887: [DefNew: 314558K->34943K(314560K), 0.0439383 secs] 917309K->720695K(1013632K), 0.0441471 secs] [Times: user=0.02 sys=0.03, real=0.04 secs] 
2020-10-29T14:50:56.651+0800: 0.961: [GC (Allocation Failure) 2020-10-29T14:50:56.651+0800: 0.961: [DefNew: 314559K->314559K(314560K), 0.0000807 secs]2020-10-29T14:50:56.652+0800: 0.961: [Tenured: 685752K->358876K(699072K), 0.0414790 secs] 1000311K->358876K(1013632K), [Metaspace: 2688K->2688K(1056768K)], 0.0418382 secs] [Times: user=0.05 sys=0.00, real=0.04 secs] 
2020-10-29T14:50:56.724+0800: 1.034: [GC (Allocation Failure) 2020-10-29T14:50:56.724+0800: 1.034: [DefNew: 279616K->34942K(314560K), 0.0130388 secs] 638492K->455681K(1013632K), 0.0132609 secs] [Times: user=0.02 sys=0.00, real=0.01 secs] 
2020-10-29T14:50:56.770+0800: 1.081: [GC (Allocation Failure) 2020-10-29T14:50:56.771+0800: 1.081: [DefNew: 314558K->34943K(314560K), 0.0159143 secs] 735297K->537652K(1013632K), 0.0161950 secs] [Times: user=0.02 sys=0.00, real=0.02 secs] 
Heap
 def new generation   total 314560K, used 212958K [0x00000000c0000000, 0x00000000d5550000, 0x00000000d5550000)
  eden space 279616K,  63% used [0x00000000c0000000, 0x00000000cadd79d8, 0x00000000d1110000)
  from space 34944K,  99% used [0x00000000d3330000, 0x00000000d554fff0, 0x00000000d5550000)
  to   space 34944K,   0% used [0x00000000d1110000, 0x00000000d1110000, 0x00000000d3330000)
 tenured generation   total 699072K, used 502708K [0x00000000d5550000, 0x0000000100000000, 0x0000000100000000)
   the space 699072K,  71% used [0x00000000d5550000, 0x00000000f403d230, 0x00000000f403d400, 0x0000000100000000)
 Metaspace       used 2694K, capacity 4486K, committed 4864K, reserved 1056768K
  class space    used 290K, capacity 386K, committed 512K, reserved 1048576K
