Java HotSpot(TM) 64-Bit Server VM (25.171-b11) for windows-amd64 JRE (1.8.0_171-b11), built on Mar 28 2018 16:06:12 by "java_re" with MS VC++ 10.0 (VS2010)
Memory: 4k page, physical 16658664k(6845136k free), swap 39727336k(22878180k free)
CommandLine flags: -XX:InitialHeapSize=536870912 -XX:MaxHeapSize=536870912 -XX:+PrintGC -XX:+PrintGCDateStamps -XX:+PrintGCDetails -XX:+PrintGCTimeStamps -XX:+UseCompressedClassPointers -XX:+UseCompressedOops -XX:-UseLargePagesIndividualAllocation -XX:+UseSerialGC 
2020-10-29T14:50:50.486+0800: 0.202: [GC (Allocation Failure) 2020-10-29T14:50:50.486+0800: 0.202: [DefNew: 139776K->17471K(157248K), 0.0230913 secs] 139776K->46589K(506816K), 0.0235487 secs] [Times: user=0.02 sys=0.00, real=0.02 secs] 
2020-10-29T14:50:50.527+0800: 0.243: [GC (Allocation Failure) 2020-10-29T14:50:50.527+0800: 0.243: [DefNew: 156911K->17467K(157248K), 0.0331546 secs] 186028K->98870K(506816K), 0.0333928 secs] [Times: user=0.00 sys=0.03, real=0.03 secs] 
2020-10-29T14:50:50.577+0800: 0.293: [GC (Allocation Failure) 2020-10-29T14:50:50.577+0800: 0.294: [DefNew: 157243K->17470K(157248K), 0.0227654 secs] 238646K->142779K(506816K), 0.0229833 secs] [Times: user=0.02 sys=0.02, real=0.02 secs] 
2020-10-29T14:50:50.617+0800: 0.333: [GC (Allocation Failure) 2020-10-29T14:50:50.617+0800: 0.333: [DefNew: 157246K->17472K(157248K), 0.0224763 secs] 282555K->185486K(506816K), 0.0226956 secs] [Times: user=0.00 sys=0.02, real=0.02 secs] 
2020-10-29T14:50:50.656+0800: 0.372: [GC (Allocation Failure) 2020-10-29T14:50:50.656+0800: 0.372: [DefNew: 157248K->17471K(157248K), 0.0239817 secs] 325262K->229694K(506816K), 0.0242041 secs] [Times: user=0.03 sys=0.00, real=0.02 secs] 
2020-10-29T14:50:50.697+0800: 0.413: [GC (Allocation Failure) 2020-10-29T14:50:50.697+0800: 0.413: [DefNew: 157247K->17471K(157248K), 0.0229797 secs] 369470K->274304K(506816K), 0.0231931 secs] [Times: user=0.02 sys=0.00, real=0.02 secs] 
2020-10-29T14:50:50.737+0800: 0.452: [GC (Allocation Failure) 2020-10-29T14:50:50.737+0800: 0.453: [DefNew: 157247K->17471K(157248K), 0.0244452 secs] 414080K->320878K(506816K), 0.0247154 secs] [Times: user=0.00 sys=0.02, real=0.02 secs] 
2020-10-29T14:50:50.778+0800: 0.495: [GC (Allocation Failure) 2020-10-29T14:50:50.778+0800: 0.495: [DefNew: 157247K->157247K(157248K), 0.0000564 secs]2020-10-29T14:50:50.778+0800: 0.495: [Tenured: 303406K->270089K(349568K), 0.0318110 secs] 460654K->270089K(506816K), [Metaspace: 2688K->2688K(1056768K)], 0.0321590 secs] [Times: user=0.03 sys=0.00, real=0.03 secs] 
2020-10-29T14:50:50.827+0800: 0.543: [GC (Allocation Failure) 2020-10-29T14:50:50.827+0800: 0.543: [DefNew: 139776K->17471K(157248K), 0.0082355 secs] 409865K->323838K(506816K), 0.0084920 secs] [Times: user=0.02 sys=0.00, real=0.01 secs] 
2020-10-29T14:50:50.851+0800: 0.568: [GC (Allocation Failure) 2020-10-29T14:50:50.852+0800: 0.568: [DefNew: 156985K->156985K(157248K), 0.0000657 secs]2020-10-29T14:50:50.852+0800: 0.568: [Tenured: 306367K->304155K(349568K), 0.0364488 secs] 463353K->304155K(506816K), [Metaspace: 2688K->2688K(1056768K)], 0.0368534 secs] [Times: user=0.03 sys=0.00, real=0.04 secs] 
2020-10-29T14:50:50.907+0800: 0.623: [GC (Allocation Failure) 2020-10-29T14:50:50.907+0800: 0.623: [DefNew: 139776K->17471K(157248K), 0.0155461 secs] 443931K->351464K(506816K), 0.0157595 secs] [Times: user=0.02 sys=0.00, real=0.02 secs] 
2020-10-29T14:50:50.938+0800: 0.654: [GC (Allocation Failure) 2020-10-29T14:50:50.938+0800: 0.654: [DefNew: 157247K->157247K(157248K), 0.0000556 secs]2020-10-29T14:50:50.938+0800: 0.654: [Tenured: 333992K->322817K(349568K), 0.0376789 secs] 491240K->322817K(506816K), [Metaspace: 2688K->2688K(1056768K)], 0.0380064 secs] [Times: user=0.05 sys=0.00, real=0.04 secs] 
2020-10-29T14:50:50.993+0800: 0.709: [GC (Allocation Failure) 2020-10-29T14:50:50.994+0800: 0.710: [DefNew: 139384K->139384K(157248K), 0.0000626 secs]2020-10-29T14:50:50.994+0800: 0.710: [Tenured: 322817K->307349K(349568K), 0.0382505 secs] 462201K->307349K(506816K), [Metaspace: 2688K->2688K(1056768K)], 0.0385961 secs] [Times: user=0.03 sys=0.00, real=0.04 secs] 
2020-10-29T14:50:51.048+0800: 0.764: [GC (Allocation Failure) 2020-10-29T14:50:51.049+0800: 0.764: [DefNew: 139776K->17471K(157248K), 0.0071042 secs] 447125K->353945K(506816K), 0.0073693 secs] [Times: user=0.00 sys=0.02, real=0.01 secs] 
2020-10-29T14:50:51.071+0800: 0.787: [GC (Allocation Failure) 2020-10-29T14:50:51.071+0800: 0.787: [DefNew: 157242K->157242K(157248K), 0.0000648 secs]2020-10-29T14:50:51.071+0800: 0.787: [Tenured: 336473K->349544K(349568K), 0.0409976 secs] 493716K->351231K(506816K), [Metaspace: 2688K->2688K(1056768K)], 0.0414762 secs] [Times: user=0.05 sys=0.00, real=0.04 secs] 
2020-10-29T14:50:51.132+0800: 0.848: [Full GC (Allocation Failure) 2020-10-29T14:50:51.132+0800: 0.848: [Tenured: 349544K->349221K(349568K), 0.0369607 secs] 506305K->356149K(506816K), [Metaspace: 2688K->2688K(1056768K)], 0.0371681 secs] [Times: user=0.03 sys=0.00, real=0.04 secs] 
2020-10-29T14:50:51.185+0800: 0.902: [Full GC (Allocation Failure) 2020-10-29T14:50:51.185+0800: 0.902: [Tenured: 349367K->349471K(349568K), 0.0391509 secs] 506587K->360576K(506816K), [Metaspace: 2688K->2688K(1056768K)], 0.0393596 secs] [Times: user=0.05 sys=0.00, real=0.04 secs] 
2020-10-29T14:50:51.242+0800: 0.959: [Full GC (Allocation Failure) 2020-10-29T14:50:51.242+0800: 0.959: [Tenured: 349525K->339518K(349568K), 0.0417415 secs] 506772K->339518K(506816K), [Metaspace: 2688K->2688K(1056768K)], 0.0419728 secs] [Times: user=0.05 sys=0.00, real=0.04 secs] 
2020-10-29T14:50:51.300+0800: 1.016: [GC (Allocation Failure) 2020-10-29T14:50:51.300+0800: 1.016: [DefNew: 139479K->139479K(157248K), 0.0000563 secs]2020-10-29T14:50:51.300+0800: 1.016: [Tenured: 339518K->349566K(349568K), 0.0285697 secs] 478997K->366926K(506816K), [Metaspace: 2688K->2688K(1056768K)], 0.0288899 secs] [Times: user=0.02 sys=0.00, real=0.03 secs] 
2020-10-29T14:50:51.347+0800: 1.063: [Full GC (Allocation Failure) 2020-10-29T14:50:51.347+0800: 1.063: [Tenured: 349566K->349496K(349568K), 0.0371305 secs] 506640K->365575K(506816K), [Metaspace: 2688K->2688K(1056768K)], 0.0373626 secs] [Times: user=0.03 sys=0.00, real=0.04 secs] 
2020-10-29T14:50:51.402+0800: 1.118: [Full GC (Allocation Failure) 2020-10-29T14:50:51.402+0800: 1.118: [Tenured: 349496K->349194K(349568K), 0.0380780 secs] 506663K->369968K(506816K), [Metaspace: 2688K->2688K(1056768K)], 0.0383127 secs] [Times: user=0.05 sys=0.00, real=0.04 secs] 
Heap
 def new generation   total 157248K, used 26784K [0x00000000e0000000, 0x00000000eaaa0000, 0x00000000eaaa0000)
  eden space 139776K,  19% used [0x00000000e0000000, 0x00000000e1a28188, 0x00000000e8880000)
  from space 17472K,   0% used [0x00000000e8880000, 0x00000000e8880000, 0x00000000e9990000)
  to   space 17472K,   0% used [0x00000000e9990000, 0x00000000e9990000, 0x00000000eaaa0000)
 tenured generation   total 349568K, used 349194K [0x00000000eaaa0000, 0x0000000100000000, 0x0000000100000000)
   the space 349568K,  99% used [0x00000000eaaa0000, 0x00000000fffa2928, 0x00000000fffa2a00, 0x0000000100000000)
 Metaspace       used 2694K, capacity 4486K, committed 4864K, reserved 1056768K
  class space    used 290K, capacity 386K, committed 512K, reserved 1048576K
