Java HotSpot(TM) 64-Bit Server VM (25.171-b11) for windows-amd64 JRE (1.8.0_171-b11), built on Mar 28 2018 16:06:12 by "java_re" with MS VC++ 10.0 (VS2010)
Memory: 4k page, physical 16658664k(6844308k free), swap 39727336k(22877060k free)
CommandLine flags: -XX:InitialHeapSize=268435456 -XX:MaxHeapSize=268435456 -XX:+PrintGC -XX:+PrintGCDateStamps -XX:+PrintGCDetails -XX:+PrintGCTimeStamps -XX:+UseCompressedClassPointers -XX:+UseCompressedOops -XX:-UseLargePagesIndividualAllocation -XX:+UseSerialGC 
2020-10-29T14:50:45.776+0800: 0.166: [GC (Allocation Failure) 2020-10-29T14:50:45.776+0800: 0.167: [DefNew: 69952K->8704K(78656K), 0.0127959 secs] 69952K->24866K(253440K), 0.0130737 secs] [Times: user=0.00 sys=0.02, real=0.01 secs] 
2020-10-29T14:50:45.802+0800: 0.192: [GC (Allocation Failure) 2020-10-29T14:50:45.802+0800: 0.192: [DefNew: 78656K->8702K(78656K), 0.0157576 secs] 94818K->47930K(253440K), 0.0159457 secs] [Times: user=0.00 sys=0.02, real=0.02 secs] 
2020-10-29T14:50:45.827+0800: 0.217: [GC (Allocation Failure) 2020-10-29T14:50:45.827+0800: 0.217: [DefNew: 78654K->8701K(78656K), 0.0128801 secs] 117882K->71046K(253440K), 0.0131064 secs] [Times: user=0.02 sys=0.00, real=0.01 secs] 
2020-10-29T14:50:45.849+0800: 0.239: [GC (Allocation Failure) 2020-10-29T14:50:45.849+0800: 0.239: [DefNew: 78285K->8703K(78656K), 0.0105968 secs] 140630K->90618K(253440K), 0.0108423 secs] [Times: user=0.00 sys=0.00, real=0.01 secs] 
2020-10-29T14:50:45.869+0800: 0.259: [GC (Allocation Failure) 2020-10-29T14:50:45.869+0800: 0.259: [DefNew: 78159K->8700K(78656K), 0.0141037 secs] 160074K->116996K(253440K), 0.0143210 secs] [Times: user=0.02 sys=0.00, real=0.01 secs] 
2020-10-29T14:50:45.893+0800: 0.284: [GC (Allocation Failure) 2020-10-29T14:50:45.893+0800: 0.284: [DefNew: 78090K->8703K(78656K), 0.0113051 secs] 186386K->138651K(253440K), 0.0115452 secs] [Times: user=0.00 sys=0.00, real=0.01 secs] 
2020-10-29T14:50:45.913+0800: 0.304: [GC (Allocation Failure) 2020-10-29T14:50:45.913+0800: 0.304: [DefNew: 78655K->8702K(78656K), 0.0127057 secs] 208603K->161709K(253440K), 0.0129326 secs] [Times: user=0.00 sys=0.02, real=0.01 secs] 
2020-10-29T14:50:45.935+0800: 0.326: [GC (Allocation Failure) 2020-10-29T14:50:45.935+0800: 0.326: [DefNew: 78614K->78614K(78656K), 0.0000577 secs]2020-10-29T14:50:45.935+0800: 0.326: [Tenured: 153006K->162320K(174784K), 0.0224297 secs] 231620K->162320K(253440K), [Metaspace: 2688K->2688K(1056768K)], 0.0227649 secs] [Times: user=0.02 sys=0.02, real=0.02 secs] 
2020-10-29T14:50:45.968+0800: 0.359: [GC (Allocation Failure) 2020-10-29T14:50:45.968+0800: 0.359: [DefNew: 69428K->69428K(78656K), 0.0000621 secs]2020-10-29T14:50:45.968+0800: 0.359: [Tenured: 162320K->174775K(174784K), 0.0246006 secs] 231749K->175537K(253440K), [Metaspace: 2688K->2688K(1056768K)], 0.0249311 secs] [Times: user=0.03 sys=0.00, real=0.03 secs] 
2020-10-29T14:50:46.002+0800: 0.393: [Full GC (Allocation Failure) 2020-10-29T14:50:46.002+0800: 0.393: [Tenured: 174775K->174622K(174784K), 0.0222639 secs] 253386K->188497K(253440K), [Metaspace: 2688K->2688K(1056768K)], 0.0224814 secs] [Times: user=0.02 sys=0.00, real=0.02 secs] 
2020-10-29T14:50:46.033+0800: 0.424: [Full GC (Allocation Failure) 2020-10-29T14:50:46.033+0800: 0.424: [Tenured: 174622K->174570K(174784K), 0.0238965 secs] 253048K->190902K(253440K), [Metaspace: 2688K->2688K(1056768K)], 0.0242616 secs] [Times: user=0.02 sys=0.00, real=0.02 secs] 
2020-10-29T14:50:46.066+0800: 0.457: [Full GC (Allocation Failure) 2020-10-29T14:50:46.067+0800: 0.457: [Tenured: 174593K->174729K(174784K), 0.0123304 secs] 253227K->210543K(253440K), [Metaspace: 2688K->2688K(1056768K)], 0.0125580 secs] [Times: user=0.00 sys=0.00, real=0.01 secs] 
2020-10-29T14:50:46.085+0800: 0.475: [Full GC (Allocation Failure) 2020-10-29T14:50:46.085+0800: 0.475: [Tenured: 174729K->174772K(174784K), 0.0198620 secs] 253327K->216067K(253440K), [Metaspace: 2688K->2688K(1056768K)], 0.0200913 secs] [Times: user=0.01 sys=0.00, real=0.02 secs] 
2020-10-29T14:50:46.109+0800: 0.500: [Full GC (Allocation Failure) 2020-10-29T14:50:46.109+0800: 0.500: [Tenured: 174772K->174653K(174784K), 0.0199333 secs] 252894K->220525K(253440K), [Metaspace: 2688K->2688K(1056768K)], 0.0201738 secs] [Times: user=0.03 sys=0.00, real=0.02 secs] 
2020-10-29T14:50:46.133+0800: 0.524: [Full GC (Allocation Failure) 2020-10-29T14:50:46.134+0800: 0.524: [Tenured: 174653K->174205K(174784K), 0.0286895 secs] 253211K->218280K(253440K), [Metaspace: 2688K->2688K(1056768K)], 0.0289411 secs] [Times: user=0.03 sys=0.00, real=0.03 secs] 
2020-10-29T14:50:46.167+0800: 0.558: [Full GC (Allocation Failure) 2020-10-29T14:50:46.167+0800: 0.558: [Tenured: 174703K->174703K(174784K), 0.0080283 secs] 253353K->230733K(253440K), [Metaspace: 2688K->2688K(1056768K)], 0.0082525 secs] [Times: user=0.02 sys=0.00, real=0.01 secs] 
2020-10-29T14:50:46.178+0800: 0.568: [Full GC (Allocation Failure) 2020-10-29T14:50:46.178+0800: 0.569: [Tenured: 174703K->174205K(174784K), 0.0085726 secs] 253281K->239359K(253440K), [Metaspace: 2688K->2688K(1056768K)], 0.0088067 secs] [Times: user=0.00 sys=0.00, real=0.01 secs] 
2020-10-29T14:50:46.189+0800: 0.579: [Full GC (Allocation Failure) 2020-10-29T14:50:46.189+0800: 0.579: [Tenured: 174747K->174630K(174784K), 0.0151034 secs] 253376K->241467K(253440K), [Metaspace: 2688K->2688K(1056768K)], 0.0153339 secs] [Times: user=0.01 sys=0.02, real=0.02 secs] 
2020-10-29T14:50:46.207+0800: 0.597: [Full GC (Allocation Failure) 2020-10-29T14:50:46.207+0800: 0.597: [Tenured: 174630K->174429K(174784K), 0.0280392 secs] 253220K->236794K(253440K), [Metaspace: 2688K->2688K(1056768K)], 0.0282527 secs] [Times: user=0.02 sys=0.00, real=0.03 secs] 
2020-10-29T14:50:46.237+0800: 0.627: [Full GC (Allocation Failure) 2020-10-29T14:50:46.237+0800: 0.627: [Tenured: 174429K->174429K(174784K), 0.0036091 secs] 253022K->239776K(253440K), [Metaspace: 2688K->2688K(1056768K)], 0.0038223 secs] [Times: user=0.00 sys=0.00, real=0.00 secs] 
2020-10-29T14:50:46.243+0800: 0.633: [Full GC (Allocation Failure) 2020-10-29T14:50:46.243+0800: 0.633: [Tenured: 174429K->174429K(174784K), 0.0066226 secs] 252580K->243639K(253440K), [Metaspace: 2688K->2688K(1056768K)], 0.0068202 secs] [Times: user=0.00 sys=0.00, real=0.01 secs] 
2020-10-29T14:50:46.251+0800: 0.641: [Full GC (Allocation Failure) 2020-10-29T14:50:46.251+0800: 0.641: [Tenured: 174717K->174717K(174784K), 0.0067095 secs] 253356K->246491K(253440K), [Metaspace: 2688K->2688K(1056768K)], 0.0068920 secs] [Times: user=0.02 sys=0.00, real=0.01 secs] 
2020-10-29T14:50:46.259+0800: 0.649: [Full GC (Allocation Failure) 2020-10-29T14:50:46.259+0800: 0.649: [Tenured: 174717K->174480K(174784K), 0.0291226 secs] 253340K->241728K(253440K), [Metaspace: 2688K->2688K(1056768K)], 0.0293053 secs] [Times: user=0.03 sys=0.00, real=0.03 secs] 
2020-10-29T14:50:46.289+0800: 0.680: [Full GC (Allocation Failure) 2020-10-29T14:50:46.289+0800: 0.680: [Tenured: 174679K->174679K(174784K), 0.0073368 secs] 253268K->245434K(253440K), [Metaspace: 2688K->2688K(1056768K)], 0.0075495 secs] [Times: user=0.00 sys=0.00, real=0.01 secs] 
2020-10-29T14:50:46.298+0800: 0.689: [Full GC (Allocation Failure) 2020-10-29T14:50:46.298+0800: 0.689: [Tenured: 174679K->174679K(174784K), 0.0104368 secs] 252662K->247222K(253440K), [Metaspace: 2688K->2688K(1056768K)], 0.0106148 secs] [Times: user=0.00 sys=0.00, real=0.01 secs] 
2020-10-29T14:50:46.310+0800: 0.701: [Full GC (Allocation Failure) 2020-10-29T14:50:46.310+0800: 0.701: [Tenured: 174709K->174709K(174784K), 0.0019206 secs] 253358K->249116K(253440K), [Metaspace: 2688K->2688K(1056768K)], 0.0021032 secs] [Times: user=0.00 sys=0.00, real=0.00 secs] 
2020-10-29T14:50:46.313+0800: 0.703: [Full GC (Allocation Failure) 2020-10-29T14:50:46.313+0800: 0.703: [Tenured: 174709K->174264K(174784K), 0.0300392 secs] 253027K->245698K(253440K), [Metaspace: 2688K->2688K(1056768K)], 0.0302228 secs] [Times: user=0.03 sys=0.00, real=0.03 secs] 
2020-10-29T14:50:46.344+0800: 0.734: [Full GC (Allocation Failure) 2020-10-29T14:50:46.344+0800: 0.734: [Tenured: 174264K->174264K(174784K), 0.0085863 secs] 252911K->247426K(253440K), [Metaspace: 2688K->2688K(1056768K)], 0.0087681 secs] [Times: user=0.02 sys=0.00, real=0.01 secs] 
2020-10-29T14:50:46.353+0800: 0.744: [Full GC (Allocation Failure) 2020-10-29T14:50:46.353+0800: 0.744: [Tenured: 174744K->174744K(174784K), 0.0077896 secs] 253241K->248571K(253440K), [Metaspace: 2688K->2688K(1056768K)], 0.0079953 secs] [Times: user=0.01 sys=0.00, real=0.01 secs] 
2020-10-29T14:50:46.362+0800: 0.753: [Full GC (Allocation Failure) 2020-10-29T14:50:46.362+0800: 0.753: [Tenured: 174744K->174744K(174784K), 0.0018237 secs] 253353K->249602K(253440K), [Metaspace: 2688K->2688K(1056768K)], 0.0020015 secs] [Times: user=0.00 sys=0.00, real=0.00 secs] 
2020-10-29T14:50:46.365+0800: 0.756: [Full GC (Allocation Failure) 2020-10-29T14:50:46.365+0800: 0.756: [Tenured: 174744K->174731K(174784K), 0.0285477 secs] 253364K->247917K(253440K), [Metaspace: 2688K->2688K(1056768K)], 0.0287605 secs] [Times: user=0.03 sys=0.00, real=0.03 secs] 
2020-10-29T14:50:46.395+0800: 0.786: [Full GC (Allocation Failure) 2020-10-29T14:50:46.395+0800: 0.786: [Tenured: 174731K->174731K(174784K), 0.0020772 secs] 253372K->249273K(253440K), [Metaspace: 2688K->2688K(1056768K)], 0.0022834 secs] [Times: user=0.00 sys=0.00, real=0.00 secs] 
2020-10-29T14:50:46.398+0800: 0.789: [Full GC (Allocation Failure) 2020-10-29T14:50:46.398+0800: 0.789: [Tenured: 174731K->174731K(174784K), 0.0038875 secs] 252795K->250498K(253440K), [Metaspace: 2688K->2688K(1056768K)], 0.0040723 secs] [Times: user=0.00 sys=0.00, real=0.00 secs] 
2020-10-29T14:50:46.403+0800: 0.793: [Full GC (Allocation Failure) 2020-10-29T14:50:46.403+0800: 0.793: [Tenured: 174768K->174768K(174784K), 0.0014538 secs] 253419K->251403K(253440K), [Metaspace: 2688K->2688K(1056768K)], 0.0016084 secs] [Times: user=0.00 sys=0.00, real=0.00 secs] 
2020-10-29T14:50:46.405+0800: 0.796: [Full GC (Allocation Failure) 2020-10-29T14:50:46.405+0800: 0.796: [Tenured: 174768K->174579K(174784K), 0.0293235 secs] 253303K->249811K(253440K), [Metaspace: 2688K->2688K(1056768K)], 0.0295016 secs] [Times: user=0.03 sys=0.00, real=0.03 secs] 
2020-10-29T14:50:46.435+0800: 0.826: [Full GC (Allocation Failure) 2020-10-29T14:50:46.435+0800: 0.826: [Tenured: 174579K->174579K(174784K), 0.0069622 secs] 253203K->251141K(253440K), [Metaspace: 2688K->2688K(1056768K)], 0.0071419 secs] [Times: user=0.02 sys=0.00, real=0.01 secs] 
2020-10-29T14:50:46.443+0800: 0.833: [Full GC (Allocation Failure) 2020-10-29T14:50:46.443+0800: 0.833: [Tenured: 174579K->174579K(174784K), 0.0048985 secs] 253176K->251776K(253440K), [Metaspace: 2688K->2688K(1056768K)], 0.0050760 secs] [Times: user=0.00 sys=0.00, real=0.00 secs] 
2020-10-29T14:50:46.448+0800: 0.839: [Full GC (Allocation Failure) 2020-10-29T14:50:46.448+0800: 0.839: [Tenured: 174579K->174579K(174784K), 0.0016596 secs] 253112K->252500K(253440K), [Metaspace: 2688K->2688K(1056768K)], 0.0018082 secs] [Times: user=0.00 sys=0.00, real=0.00 secs] 
2020-10-29T14:50:46.450+0800: 0.841: [Full GC (Allocation Failure) 2020-10-29T14:50:46.450+0800: 0.841: [Tenured: 174651K->174747K(174784K), 0.0296311 secs] 253251K->250514K(253440K), [Metaspace: 2688K->2688K(1056768K)], 0.0297970 secs] [Times: user=0.03 sys=0.00, real=0.03 secs] 
2020-10-29T14:50:46.481+0800: 0.871: [Full GC (Allocation Failure) 2020-10-29T14:50:46.481+0800: 0.871: [Tenured: 174783K->174783K(174784K), 0.0018178 secs] 253434K->251218K(253440K), [Metaspace: 2688K->2688K(1056768K)], 0.0019615 secs] [Times: user=0.00 sys=0.00, real=0.00 secs] 
2020-10-29T14:50:46.483+0800: 0.874: [Full GC (Allocation Failure) 2020-10-29T14:50:46.483+0800: 0.874: [Tenured: 174783K->174783K(174784K), 0.0078829 secs] 253300K->252295K(253440K), [Metaspace: 2688K->2688K(1056768K)], 0.0080598 secs] [Times: user=0.01 sys=0.00, real=0.01 secs] 
2020-10-29T14:50:46.492+0800: 0.882: [Full GC (Allocation Failure) 2020-10-29T14:50:46.492+0800: 0.882: [Tenured: 174783K->174783K(174784K), 0.0016093 secs] 253354K->252890K(253440K), [Metaspace: 2688K->2688K(1056768K)], 0.0017955 secs] [Times: user=0.00 sys=0.00, real=0.00 secs] 
2020-10-29T14:50:46.494+0800: 0.884: [Full GC (Allocation Failure) 2020-10-29T14:50:46.494+0800: 0.884: [Tenured: 174783K->174734K(174784K), 0.0299051 secs] 253249K->251664K(253440K), [Metaspace: 2688K->2688K(1056768K)], 0.0300997 secs] [Times: user=0.03 sys=0.00, real=0.03 secs] 
2020-10-29T14:50:46.524+0800: 0.915: [Full GC (Allocation Failure) 2020-10-29T14:50:46.524+0800: 0.915: [Tenured: 174734K->174734K(174784K), 0.0022449 secs] 253336K->252786K(253440K), [Metaspace: 2688K->2688K(1056768K)], 0.0024258 secs] [Times: user=0.00 sys=0.00, real=0.00 secs] 
2020-10-29T14:50:46.527+0800: 0.917: [Full GC (Allocation Failure) 2020-10-29T14:50:46.527+0800: 0.917: [Tenured: 174734K->174734K(174784K), 0.0047321 secs] 253294K->252637K(253440K), [Metaspace: 2688K->2688K(1056768K)], 0.0049125 secs] [Times: user=0.00 sys=0.00, real=0.01 secs] 
2020-10-29T14:50:46.532+0800: 0.923: [Full GC (Allocation Failure) 2020-10-29T14:50:46.532+0800: 0.923: [Tenured: 174734K->174734K(174784K), 0.0021378 secs] 253230K->252493K(253440K), [Metaspace: 2688K->2688K(1056768K)], 0.0023013 secs] [Times: user=0.02 sys=0.00, real=0.00 secs] 
2020-10-29T14:50:46.535+0800: 0.925: [Full GC (Allocation Failure) 2020-10-29T14:50:46.535+0800: 0.925: [Tenured: 174734K->174105K(174784K), 0.0285938 secs] 252493K->251441K(253440K), [Metaspace: 2688K->2688K(1056768K)], 0.0287941 secs] [Times: user=0.02 sys=0.00, real=0.03 secs] 
2020-10-29T14:50:46.564+0800: 0.954: [Full GC (Allocation Failure) 2020-10-29T14:50:46.564+0800: 0.954: [Tenured: 174645K->174645K(174784K), 0.0016594 secs] 253281K->252186K(253440K), [Metaspace: 2688K->2688K(1056768K)], 0.0018203 secs] [Times: user=0.02 sys=0.00, real=0.00 secs] 
2020-10-29T14:50:46.566+0800: 0.956: [Full GC (Allocation Failure) 2020-10-29T14:50:46.566+0800: 0.957: [Tenured: 174645K->174645K(174784K), 0.0016236 secs] 253105K->252781K(253440K), [Metaspace: 2688K->2688K(1056768K)], 0.0017722 secs] [Times: user=0.00 sys=0.00, real=0.00 secs] 
2020-10-29T14:50:46.568+0800: 0.959: [Full GC (Allocation Failure) 2020-10-29T14:50:46.568+0800: 0.959: [Tenured: 174645K->174645K(174784K), 0.0015062 secs] 253091K->252925K(253440K), [Metaspace: 2688K->2688K(1056768K)], 0.0016806 secs] [Times: user=0.00 sys=0.00, real=0.00 secs] 
2020-10-29T14:50:46.570+0800: 0.960: [Full GC (Allocation Failure) 2020-10-29T14:50:46.570+0800: 0.961: [Tenured: 174645K->174738K(174784K), 0.0264506 secs] 253276K->250620K(253440K), [Metaspace: 2688K->2688K(1056768K)], 0.0266658 secs] [Times: user=0.03 sys=0.00, real=0.03 secs] 
2020-10-29T14:50:46.598+0800: 0.988: [Full GC (Allocation Failure) 2020-10-29T14:50:46.598+0800: 0.988: [Tenured: 174774K->174774K(174784K), 0.0059857 secs] 253424K->251197K(253440K), [Metaspace: 2688K->2688K(1056768K)], 0.0061803 secs] [Times: user=0.00 sys=0.00, real=0.01 secs] 
2020-10-29T14:50:46.604+0800: 0.994: [Full GC (Allocation Failure) 2020-10-29T14:50:46.604+0800: 0.994: [Tenured: 174774K->174774K(174784K), 0.0082671 secs] 253361K->251556K(253440K), [Metaspace: 2688K->2688K(1056768K)], 0.0084958 secs] [Times: user=0.01 sys=0.00, real=0.01 secs] 
2020-10-29T14:50:46.613+0800: 1.003: [Full GC (Allocation Failure) 2020-10-29T14:50:46.613+0800: 1.003: [Tenured: 174774K->174774K(174784K), 0.0015955 secs] 253116K->251556K(253440K), [Metaspace: 2688K->2688K(1056768K)], 0.0017455 secs] [Times: user=0.00 sys=0.00, real=0.00 secs] 
2020-10-29T14:50:46.615+0800: 1.005: [Full GC (Allocation Failure) 2020-10-29T14:50:46.615+0800: 1.006: [Tenured: 174774K->174321K(174784K), 0.0290247 secs] 253386K->250924K(253440K), [Metaspace: 2688K->2688K(1056768K)], 0.0292215 secs] [Times: user=0.03 sys=0.00, real=0.03 secs] 
2020-10-29T14:50:46.644+0800: 1.035: [Full GC (Allocation Failure) 2020-10-29T14:50:46.644+0800: 1.035: [Tenured: 174549K->174549K(174784K), 0.0016339 secs] 253004K->251832K(253440K), [Metaspace: 2688K->2688K(1056768K)], 0.0017700 secs] [Times: user=0.00 sys=0.00, real=0.00 secs] 
2020-10-29T14:50:46.646+0800: 1.037: [Full GC (Allocation Failure) 2020-10-29T14:50:46.646+0800: 1.037: [Tenured: 174549K->174549K(174784K), 0.0013197 secs] 253161K->251832K(253440K), [Metaspace: 2688K->2688K(1056768K)], 0.0014595 secs] [Times: user=0.00 sys=0.00, real=0.00 secs] 
2020-10-29T14:50:46.648+0800: 1.039: [Full GC (Allocation Failure) 2020-10-29T14:50:46.648+0800: 1.039: [Tenured: 174549K->174549K(174784K), 0.0011765 secs] 253181K->252185K(253440K), [Metaspace: 2688K->2688K(1056768K)], 0.0012991 secs] [Times: user=0.00 sys=0.00, real=0.00 secs] 
2020-10-29T14:50:46.650+0800: 1.041: [Full GC (Allocation Failure) 2020-10-29T14:50:46.650+0800: 1.041: [Tenured: 174775K->174535K(174784K), 0.0279991 secs] 253372K->251359K(253440K), [Metaspace: 2688K->2688K(1056768K)], 0.0281725 secs] [Times: user=0.03 sys=0.00, real=0.03 secs] 
2020-10-29T14:50:46.678+0800: 1.069: [Full GC (Allocation Failure) 2020-10-29T14:50:46.678+0800: 1.069: [Tenured: 174535K->174535K(174784K), 0.0077424 secs] 252667K->252201K(253440K), [Metaspace: 2688K->2688K(1056768K)], 0.0079550 secs] [Times: user=0.00 sys=0.00, real=0.01 secs] 
2020-10-29T14:50:46.687+0800: 1.078: [Full GC (Allocation Failure) 2020-10-29T14:50:46.687+0800: 1.078: [Tenured: 174535K->174535K(174784K), 0.0081381 secs] 252983K->252918K(253440K), [Metaspace: 2688K->2688K(1056768K)], 0.0083561 secs] [Times: user=0.02 sys=0.00, real=0.01 secs] 
2020-10-29T14:50:46.695+0800: 1.086: [Full GC (Allocation Failure) 2020-10-29T14:50:46.695+0800: 1.086: [Tenured: 174535K->174535K(174784K), 0.0015288 secs] 252918K->252918K(253440K), [Metaspace: 2688K->2688K(1056768K)], 0.0016563 secs] [Times: user=0.00 sys=0.00, real=0.00 secs] 
Heap
 def new generation   total 78656K, used 78388K [0x00000000f0000000, 0x00000000f5550000, 0x00000000f5550000)
  eden space 69952K, 100% used [0x00000000f0000000, 0x00000000f4450000, 0x00000000f4450000)
  from space 8704K,  96% used [0x00000000f4cd0000, 0x00000000f550d360, 0x00000000f5550000)
  to   space 8704K,   0% used [0x00000000f4450000, 0x00000000f4450000, 0x00000000f4cd0000)
 tenured generation   total 174784K, used 174535K [0x00000000f5550000, 0x0000000100000000, 0x0000000100000000)
   the space 174784K,  99% used [0x00000000f5550000, 0x00000000fffc1cb0, 0x00000000fffc1e00, 0x0000000100000000)
 Metaspace       used 2719K, capacity 4486K, committed 4864K, reserved 1056768K
  class space    used 293K, capacity 386K, committed 512K, reserved 1048576K
