Java HotSpot(TM) 64-Bit Server VM (25.171-b11) for windows-amd64 JRE (1.8.0_171-b11), built on Mar 28 2018 16:06:12 by "java_re" with MS VC++ 10.0 (VS2010)
Memory: 4k page, physical 16658664k(6211372k free), swap 39727336k(20941144k free)
CommandLine flags: -XX:InitialHeapSize=2147483648 -XX:MaxHeapSize=2147483648 -XX:+PrintGC -XX:+PrintGCDateStamps -XX:+PrintGCDetails -XX:+PrintGCTimeStamps -XX:+UseCompressedClassPointers -XX:+UseCompressedOops -XX:-UseLargePagesIndividualAllocation -XX:+UseSerialGC 
2020-10-29T16:53:49.256+0800: 0.409: [GC (Allocation Failure) 2020-10-29T16:53:49.256+0800: 0.409: [DefNew: 559232K->69888K(629120K), 0.0737188 secs] 559232K->148243K(2027264K), 0.0741023 secs] [Times: user=0.05 sys=0.03, real=0.08 secs] 
2020-10-29T16:53:49.410+0800: 0.563: [GC (Allocation Failure) 2020-10-29T16:53:49.410+0800: 0.563: [DefNew: 629120K->69887K(629120K), 0.0947028 secs] 707475K->271626K(2027264K), 0.0949293 secs] [Times: user=0.03 sys=0.06, real=0.10 secs] 
2020-10-29T16:53:49.578+0800: 0.731: [GC (Allocation Failure) 2020-10-29T16:53:49.578+0800: 0.731: [DefNew: 629119K->69888K(629120K), 0.0699731 secs] 830858K->393112K(2027264K), 0.0701923 secs] [Times: user=0.05 sys=0.03, real=0.07 secs] 
2020-10-29T16:53:49.722+0800: 0.874: [GC (Allocation Failure) 2020-10-29T16:53:49.722+0800: 0.874: [DefNew: 629120K->69887K(629120K), 0.0760402 secs] 952344K->524660K(2027264K), 0.0762952 secs] [Times: user=0.02 sys=0.05, real=0.08 secs] 
2020-10-29T16:53:49.871+0800: 1.024: [GC (Allocation Failure) 2020-10-29T16:53:49.871+0800: 1.024: [DefNew: 629119K->69887K(629120K), 0.0721438 secs] 1083892K->648835K(2027264K), 0.0724382 secs] [Times: user=0.05 sys=0.03, real=0.07 secs] 
Heap
 def new generation   total 629120K, used 278399K [0x0000000080000000, 0x00000000aaaa0000, 0x00000000aaaa0000)
  eden space 559232K,  37% used [0x0000000080000000, 0x000000008cb9fdd0, 0x00000000a2220000)
  from space 69888K,  99% used [0x00000000a6660000, 0x00000000aaa9feb0, 0x00000000aaaa0000)
  to   space 69888K,   0% used [0x00000000a2220000, 0x00000000a2220000, 0x00000000a6660000)
 tenured generation   total 1398144K, used 578947K [0x00000000aaaa0000, 0x0000000100000000, 0x0000000100000000)
   the space 1398144K,  41% used [0x00000000aaaa0000, 0x00000000ce000f70, 0x00000000ce001000, 0x0000000100000000)
 Metaspace       used 2694K, capacity 4486K, committed 4864K, reserved 1056768K
  class space    used 290K, capacity 386K, committed 512K, reserved 1048576K
