Java HotSpot(TM) 64-Bit Server VM (25.171-b11) for windows-amd64 JRE (1.8.0_171-b11), built on Mar 28 2018 16:06:12 by "java_re" with MS VC++ 10.0 (VS2010)
Memory: 4k page, physical 16658664k(6861208k free), swap 39727336k(22871984k free)
CommandLine flags: -XX:InitialHeapSize=268435456 -XX:MaxHeapSize=268435456 -XX:MaxNewSize=89481216 -XX:MaxTenuringThreshold=6 -XX:NewSize=89481216 -XX:OldPLABSize=16 -XX:OldSize=178954240 -XX:+PrintGC -XX:+PrintGCDateStamps -XX:+PrintGCDetails -XX:+PrintGCTimeStamps -XX:+UseCompressedClassPointers -XX:+UseCompressedOops -XX:+UseConcMarkSweepGC -XX:-UseLargePagesIndividualAllocation -XX:+UseParNewGC 
2020-10-29T14:50:10.496+0800: 0.176: [GC (Allocation Failure) 2020-10-29T14:50:10.496+0800: 0.177: [ParNew: 69952K->8704K(78656K), 0.0065330 secs] 69952K->23825K(253440K), 0.0068439 secs] [Times: user=0.00 sys=0.05, real=0.01 secs] 
2020-10-29T14:50:10.515+0800: 0.195: [GC (Allocation Failure) 2020-10-29T14:50:10.515+0800: 0.195: [ParNew: 78656K->8704K(78656K), 0.0082459 secs] 93777K->49458K(253440K), 0.0085049 secs] [Times: user=0.03 sys=0.03, real=0.01 secs] 
2020-10-29T14:50:10.532+0800: 0.212: [GC (Allocation Failure) 2020-10-29T14:50:10.532+0800: 0.212: [ParNew: 78656K->8704K(78656K), 0.0130687 secs] 119410K->75179K(253440K), 0.0133169 secs] [Times: user=0.06 sys=0.00, real=0.01 secs] 
2020-10-29T14:50:10.555+0800: 0.235: [GC (Allocation Failure) 2020-10-29T14:50:10.555+0800: 0.235: [ParNew: 78656K->8704K(78656K), 0.0124365 secs] 145131K->100914K(253440K), 0.0126748 secs] [Times: user=0.03 sys=0.02, real=0.01 secs] 
2020-10-29T14:50:10.568+0800: 0.248: [GC (CMS Initial Mark) [1 CMS-initial-mark: 92210K(174784K)] 101500K(253440K), 0.0001707 secs] [Times: user=0.00 sys=0.00, real=0.00 secs] 
2020-10-29T14:50:10.568+0800: 0.248: [CMS-concurrent-mark-start]
2020-10-29T14:50:10.570+0800: 0.250: [CMS-concurrent-mark: 0.002/0.002 secs] [Times: user=0.00 sys=0.00, real=0.00 secs] 
2020-10-29T14:50:10.570+0800: 0.250: [CMS-concurrent-preclean-start]
2020-10-29T14:50:10.570+0800: 0.250: [CMS-concurrent-preclean: 0.000/0.000 secs] [Times: user=0.00 sys=0.00, real=0.00 secs] 
2020-10-29T14:50:10.571+0800: 0.251: [CMS-concurrent-abortable-preclean-start]
2020-10-29T14:50:10.577+0800: 0.257: [GC (Allocation Failure) 2020-10-29T14:50:10.577+0800: 0.257: [ParNew: 78553K->8699K(78656K), 0.0108840 secs] 170763K->124015K(253440K), 0.0110901 secs] [Times: user=0.05 sys=0.00, real=0.01 secs] 
2020-10-29T14:50:10.597+0800: 0.277: [GC (Allocation Failure) 2020-10-29T14:50:10.597+0800: 0.277: [ParNew: 78298K->8702K(78656K), 0.0105261 secs] 193614K->146565K(253440K), 0.0107689 secs] [Times: user=0.00 sys=0.00, real=0.01 secs] 
2020-10-29T14:50:10.617+0800: 0.297: [GC (Allocation Failure) 2020-10-29T14:50:10.617+0800: 0.297: [ParNew: 78654K->8704K(78656K), 0.0091970 secs] 216517K->165824K(253440K), 0.0094256 secs] [Times: user=0.01 sys=0.00, real=0.01 secs] 
2020-10-29T14:50:10.636+0800: 0.316: [GC (Allocation Failure) 2020-10-29T14:50:10.636+0800: 0.316: [ParNew: 78630K->78630K(78656K), 0.0000813 secs]2020-10-29T14:50:10.636+0800: 0.316: [CMS2020-10-29T14:50:10.636+0800: 0.316: [CMS-concurrent-abortable-preclean: 0.002/0.065 secs] [Times: user=0.09 sys=0.00, real=0.06 secs] 
 (concurrent mode failure): 157120K->156265K(174784K), 0.0208299 secs] 235751K->156265K(253440K), [Metaspace: 2688K->2688K(1056768K)], 0.0212246 secs] [Times: user=0.02 sys=0.00, real=0.02 secs] 
2020-10-29T14:50:10.666+0800: 0.346: [GC (Allocation Failure) 2020-10-29T14:50:10.666+0800: 0.346: [ParNew: 69273K->8704K(78656K), 0.0086532 secs] 225538K->182899K(253440K), 0.0088821 secs] [Times: user=0.05 sys=0.00, real=0.01 secs] 
2020-10-29T14:50:10.675+0800: 0.355: [GC (CMS Initial Mark) [1 CMS-initial-mark: 174195K(174784K)] 183599K(253440K), 0.0001485 secs] [Times: user=0.00 sys=0.00, real=0.00 secs] 
2020-10-29T14:50:10.676+0800: 0.355: [CMS-concurrent-mark-start]
2020-10-29T14:50:10.677+0800: 0.356: [CMS-concurrent-mark: 0.001/0.001 secs] [Times: user=0.00 sys=0.00, real=0.00 secs] 
2020-10-29T14:50:10.677+0800: 0.357: [CMS-concurrent-preclean-start]
2020-10-29T14:50:10.677+0800: 0.357: [CMS-concurrent-preclean: 0.000/0.000 secs] [Times: user=0.00 sys=0.00, real=0.00 secs] 
2020-10-29T14:50:10.677+0800: 0.357: [CMS-concurrent-abortable-preclean-start]
2020-10-29T14:50:10.677+0800: 0.357: [CMS-concurrent-abortable-preclean: 0.000/0.000 secs] [Times: user=0.00 sys=0.00, real=0.00 secs] 
2020-10-29T14:50:10.677+0800: 0.357: [GC (CMS Final Remark) [YG occupancy: 23291 K (78656 K)]2020-10-29T14:50:10.677+0800: 0.357: [Rescan (parallel) , 0.0002009 secs]2020-10-29T14:50:10.678+0800: 0.357: [weak refs processing, 0.0000576 secs]2020-10-29T14:50:10.678+0800: 0.358: [class unloading, 0.0002259 secs]2020-10-29T14:50:10.678+0800: 0.358: [scrub symbol table, 0.0003161 secs]2020-10-29T14:50:10.678+0800: 0.358: [scrub string table, 0.0001715 secs][1 CMS-remark: 174195K(174784K)] 197486K(253440K), 0.0013180 secs] [Times: user=0.00 sys=0.00, real=0.00 secs] 
2020-10-29T14:50:10.679+0800: 0.359: [CMS-concurrent-sweep-start]
2020-10-29T14:50:10.679+0800: 0.359: [CMS-concurrent-sweep: 0.000/0.000 secs] [Times: user=0.00 sys=0.00, real=0.00 secs] 
2020-10-29T14:50:10.679+0800: 0.359: [CMS-concurrent-reset-start]
2020-10-29T14:50:10.679+0800: 0.359: [CMS-concurrent-reset: 0.000/0.000 secs] [Times: user=0.00 sys=0.00, real=0.00 secs] 
2020-10-29T14:50:10.686+0800: 0.366: [GC (Allocation Failure) 2020-10-29T14:50:10.686+0800: 0.366: [ParNew: 78581K->78581K(78656K), 0.0000696 secs]2020-10-29T14:50:10.687+0800: 0.366: [CMS: 166807K->174301K(174784K), 0.0238082 secs] 245388K->184069K(253440K), [Metaspace: 2688K->2688K(1056768K)], 0.0241733 secs] [Times: user=0.03 sys=0.00, real=0.02 secs] 
2020-10-29T14:50:10.711+0800: 0.390: [GC (CMS Initial Mark) [1 CMS-initial-mark: 174301K(174784K)] 184199K(253440K), 0.0001459 secs] [Times: user=0.00 sys=0.00, real=0.00 secs] 
2020-10-29T14:50:10.711+0800: 0.391: [CMS-concurrent-mark-start]
2020-10-29T14:50:10.712+0800: 0.392: [CMS-concurrent-mark: 0.001/0.001 secs] [Times: user=0.00 sys=0.00, real=0.00 secs] 
2020-10-29T14:50:10.712+0800: 0.392: [CMS-concurrent-preclean-start]
2020-10-29T14:50:10.713+0800: 0.393: [CMS-concurrent-preclean: 0.001/0.001 secs] [Times: user=0.00 sys=0.00, real=0.00 secs] 
2020-10-29T14:50:10.713+0800: 0.393: [CMS-concurrent-abortable-preclean-start]
2020-10-29T14:50:10.713+0800: 0.393: [CMS-concurrent-abortable-preclean: 0.000/0.000 secs] [Times: user=0.00 sys=0.00, real=0.00 secs] 
2020-10-29T14:50:10.713+0800: 0.393: [GC (CMS Final Remark) [YG occupancy: 28000 K (78656 K)]2020-10-29T14:50:10.713+0800: 0.393: [Rescan (parallel) , 0.0001724 secs]2020-10-29T14:50:10.714+0800: 0.393: [weak refs processing, 0.0000558 secs]2020-10-29T14:50:10.714+0800: 0.393: [class unloading, 0.0002160 secs]2020-10-29T14:50:10.714+0800: 0.394: [scrub symbol table, 0.0003189 secs]2020-10-29T14:50:10.714+0800: 0.394: [scrub string table, 0.0001240 secs][1 CMS-remark: 174301K(174784K)] 202301K(253440K), 0.0012314 secs] [Times: user=0.00 sys=0.00, real=0.00 secs] 
2020-10-29T14:50:10.715+0800: 0.394: [CMS-concurrent-sweep-start]
2020-10-29T14:50:10.715+0800: 0.395: [CMS-concurrent-sweep: 0.000/0.000 secs] [Times: user=0.00 sys=0.00, real=0.00 secs] 
2020-10-29T14:50:10.715+0800: 0.395: [CMS-concurrent-reset-start]
2020-10-29T14:50:10.715+0800: 0.395: [CMS-concurrent-reset: 0.000/0.000 secs] [Times: user=0.00 sys=0.00, real=0.00 secs] 
2020-10-29T14:50:10.722+0800: 0.401: [GC (Allocation Failure) 2020-10-29T14:50:10.722+0800: 0.401: [ParNew: 78563K->78563K(78656K), 0.0000644 secs]2020-10-29T14:50:10.722+0800: 0.401: [CMS: 174295K->174747K(174784K), 0.0271745 secs] 252858K->197836K(253440K), [Metaspace: 2688K->2688K(1056768K)], 0.0275183 secs] [Times: user=0.01 sys=0.00, real=0.03 secs] 
2020-10-29T14:50:10.749+0800: 0.429: [GC (CMS Initial Mark) [1 CMS-initial-mark: 174747K(174784K)] 198236K(253440K), 0.0001671 secs] [Times: user=0.00 sys=0.00, real=0.00 secs] 
2020-10-29T14:50:10.750+0800: 0.429: [CMS-concurrent-mark-start]
2020-10-29T14:50:10.751+0800: 0.430: [CMS-concurrent-mark: 0.001/0.001 secs] [Times: user=0.00 sys=0.00, real=0.00 secs] 
2020-10-29T14:50:10.751+0800: 0.431: [CMS-concurrent-preclean-start]
2020-10-29T14:50:10.752+0800: 0.431: [CMS-concurrent-preclean: 0.001/0.001 secs] [Times: user=0.03 sys=0.00, real=0.00 secs] 
2020-10-29T14:50:10.752+0800: 0.431: [CMS-concurrent-abortable-preclean-start]
2020-10-29T14:50:10.752+0800: 0.431: [CMS-concurrent-abortable-preclean: 0.000/0.000 secs] [Times: user=0.00 sys=0.00, real=0.00 secs] 
2020-10-29T14:50:10.752+0800: 0.432: [GC (CMS Final Remark) [YG occupancy: 36832 K (78656 K)]2020-10-29T14:50:10.752+0800: 0.432: [Rescan (parallel) , 0.0001751 secs]2020-10-29T14:50:10.752+0800: 0.432: [weak refs processing, 0.0000551 secs]2020-10-29T14:50:10.752+0800: 0.432: [class unloading, 0.0002254 secs]2020-10-29T14:50:10.753+0800: 0.432: [scrub symbol table, 0.0003311 secs]2020-10-29T14:50:10.753+0800: 0.433: [scrub string table, 0.0001324 secs][1 CMS-remark: 174747K(174784K)] 211580K(253440K), 0.0012718 secs] [Times: user=0.00 sys=0.00, real=0.00 secs] 
2020-10-29T14:50:10.753+0800: 0.433: [CMS-concurrent-sweep-start]
2020-10-29T14:50:10.754+0800: 0.433: [CMS-concurrent-sweep: 0.000/0.000 secs] [Times: user=0.00 sys=0.00, real=0.00 secs] 
2020-10-29T14:50:10.754+0800: 0.433: [CMS-concurrent-reset-start]
2020-10-29T14:50:10.754+0800: 0.433: [CMS-concurrent-reset: 0.000/0.000 secs] [Times: user=0.00 sys=0.00, real=0.00 secs] 
2020-10-29T14:50:10.759+0800: 0.439: [GC (Allocation Failure) 2020-10-29T14:50:10.760+0800: 0.439: [ParNew: 78255K->78255K(78656K), 0.0000646 secs]2020-10-29T14:50:10.760+0800: 0.439: [CMS: 174747K->174541K(174784K), 0.0255025 secs] 253003K->203997K(253440K), [Metaspace: 2688K->2688K(1056768K)], 0.0258645 secs] [Times: user=0.03 sys=0.00, real=0.03 secs] 
2020-10-29T14:50:10.786+0800: 0.465: [GC (CMS Initial Mark) [1 CMS-initial-mark: 174541K(174784K)] 204620K(253440K), 0.0001549 secs] [Times: user=0.00 sys=0.00, real=0.00 secs] 
2020-10-29T14:50:10.786+0800: 0.465: [CMS-concurrent-mark-start]
2020-10-29T14:50:10.787+0800: 0.467: [CMS-concurrent-mark: 0.001/0.001 secs] [Times: user=0.00 sys=0.00, real=0.00 secs] 
2020-10-29T14:50:10.787+0800: 0.467: [CMS-concurrent-preclean-start]
2020-10-29T14:50:10.788+0800: 0.467: [CMS-concurrent-preclean: 0.001/0.001 secs] [Times: user=0.00 sys=0.00, real=0.00 secs] 
2020-10-29T14:50:10.788+0800: 0.468: [CMS-concurrent-abortable-preclean-start]
2020-10-29T14:50:10.788+0800: 0.468: [CMS-concurrent-abortable-preclean: 0.000/0.000 secs] [Times: user=0.00 sys=0.00, real=0.00 secs] 
2020-10-29T14:50:10.788+0800: 0.468: [GC (CMS Final Remark) [YG occupancy: 46921 K (78656 K)]2020-10-29T14:50:10.788+0800: 0.468: [Rescan (parallel) , 0.0002004 secs]2020-10-29T14:50:10.789+0800: 0.468: [weak refs processing, 0.0000588 secs]2020-10-29T14:50:10.789+0800: 0.468: [class unloading, 0.0002099 secs]2020-10-29T14:50:10.789+0800: 0.468: [scrub symbol table, 0.0003132 secs]2020-10-29T14:50:10.789+0800: 0.469: [scrub string table, 0.0001292 secs][1 CMS-remark: 174541K(174784K)] 221463K(253440K), 0.0012760 secs] [Times: user=0.00 sys=0.00, real=0.00 secs] 
2020-10-29T14:50:10.790+0800: 0.469: [CMS-concurrent-sweep-start]
2020-10-29T14:50:10.790+0800: 0.469: [CMS-concurrent-sweep: 0.000/0.000 secs] [Times: user=0.00 sys=0.00, real=0.00 secs] 
2020-10-29T14:50:10.790+0800: 0.469: [CMS-concurrent-reset-start]
2020-10-29T14:50:10.790+0800: 0.470: [CMS-concurrent-reset: 0.000/0.000 secs] [Times: user=0.00 sys=0.00, real=0.00 secs] 
2020-10-29T14:50:10.793+0800: 0.473: [GC (Allocation Failure) 2020-10-29T14:50:10.794+0800: 0.473: [ParNew: 78642K->78642K(78656K), 0.0000631 secs]2020-10-29T14:50:10.794+0800: 0.473: [CMS: 174506K->174561K(174784K), 0.0257190 secs] 253149K->212298K(253440K), [Metaspace: 2688K->2688K(1056768K)], 0.0260691 secs] [Times: user=0.03 sys=0.00, real=0.03 secs] 
2020-10-29T14:50:10.819+0800: 0.499: [GC (CMS Initial Mark) [1 CMS-initial-mark: 174561K(174784K)] 213523K(253440K), 0.0002498 secs] [Times: user=0.00 sys=0.00, real=0.00 secs] 
2020-10-29T14:50:10.819+0800: 0.500: [CMS-concurrent-mark-start]
2020-10-29T14:50:10.821+0800: 0.501: [CMS-concurrent-mark: 0.001/0.001 secs] [Times: user=0.00 sys=0.00, real=0.00 secs] 
2020-10-29T14:50:10.821+0800: 0.501: [CMS-concurrent-preclean-start]
2020-10-29T14:50:10.822+0800: 0.502: [CMS-concurrent-preclean: 0.001/0.001 secs] [Times: user=0.00 sys=0.00, real=0.00 secs] 
2020-10-29T14:50:10.822+0800: 0.502: [CMS-concurrent-abortable-preclean-start]
2020-10-29T14:50:10.822+0800: 0.502: [CMS-concurrent-abortable-preclean: 0.000/0.000 secs] [Times: user=0.00 sys=0.00, real=0.00 secs] 
2020-10-29T14:50:10.822+0800: 0.503: [GC (CMS Final Remark) [YG occupancy: 57640 K (78656 K)]2020-10-29T14:50:10.822+0800: 0.503: [Rescan (parallel) , 0.0004029 secs]2020-10-29T14:50:10.823+0800: 0.503: [weak refs processing, 0.0000534 secs]2020-10-29T14:50:10.823+0800: 0.503: [class unloading, 0.0003223 secs]2020-10-29T14:50:10.823+0800: 0.504: [scrub symbol table, 0.0003714 secs]2020-10-29T14:50:10.824+0800: 0.504: [scrub string table, 0.0001342 secs][1 CMS-remark: 174561K(174784K)] 232202K(253440K), 0.0016318 secs] [Times: user=0.00 sys=0.00, real=0.00 secs] 
2020-10-29T14:50:10.824+0800: 0.504: [CMS-concurrent-sweep-start]
2020-10-29T14:50:10.824+0800: 0.505: [CMS-concurrent-sweep: 0.000/0.000 secs] [Times: user=0.00 sys=0.00, real=0.00 secs] 
2020-10-29T14:50:10.825+0800: 0.505: [CMS-concurrent-reset-start]
2020-10-29T14:50:10.825+0800: 0.505: [CMS-concurrent-reset: 0.000/0.000 secs] [Times: user=0.00 sys=0.00, real=0.00 secs] 
2020-10-29T14:50:10.827+0800: 0.507: [GC (Allocation Failure) 2020-10-29T14:50:10.827+0800: 0.507: [ParNew: 78591K->78591K(78656K), 0.0000565 secs]2020-10-29T14:50:10.827+0800: 0.508: [CMS: 174561K->174205K(174784K), 0.0263774 secs] 253153K->215956K(253440K), [Metaspace: 2688K->2688K(1056768K)], 0.0267203 secs] [Times: user=0.03 sys=0.00, real=0.03 secs] 
2020-10-29T14:50:10.854+0800: 0.534: [GC (CMS Initial Mark) [1 CMS-initial-mark: 174205K(174784K)] 216235K(253440K), 0.0002665 secs] [Times: user=0.00 sys=0.00, real=0.00 secs] 
2020-10-29T14:50:10.855+0800: 0.535: [CMS-concurrent-mark-start]
2020-10-29T14:50:10.856+0800: 0.536: [CMS-concurrent-mark: 0.001/0.001 secs] [Times: user=0.00 sys=0.00, real=0.00 secs] 
2020-10-29T14:50:10.856+0800: 0.536: [CMS-concurrent-preclean-start]
2020-10-29T14:50:10.857+0800: 0.537: [CMS-concurrent-preclean: 0.001/0.001 secs] [Times: user=0.00 sys=0.00, real=0.00 secs] 
2020-10-29T14:50:10.857+0800: 0.537: [CMS-concurrent-abortable-preclean-start]
2020-10-29T14:50:10.857+0800: 0.537: [CMS-concurrent-abortable-preclean: 0.000/0.000 secs] [Times: user=0.00 sys=0.00, real=0.00 secs] 
2020-10-29T14:50:10.857+0800: 0.537: [GC (CMS Final Remark) [YG occupancy: 59243 K (78656 K)]2020-10-29T14:50:10.857+0800: 0.537: [Rescan (parallel) , 0.0002851 secs]2020-10-29T14:50:10.857+0800: 0.538: [weak refs processing, 0.0000764 secs]2020-10-29T14:50:10.858+0800: 0.538: [class unloading, 0.0002391 secs]2020-10-29T14:50:10.858+0800: 0.538: [scrub symbol table, 0.0003416 secs]2020-10-29T14:50:10.858+0800: 0.538: [scrub string table, 0.0001584 secs][1 CMS-remark: 174205K(174784K)] 233448K(253440K), 0.0014988 secs] [Times: user=0.00 sys=0.00, real=0.00 secs] 
2020-10-29T14:50:10.859+0800: 0.539: [CMS-concurrent-sweep-start]
2020-10-29T14:50:10.859+0800: 0.539: [CMS-concurrent-sweep: 0.000/0.000 secs] [Times: user=0.00 sys=0.00, real=0.00 secs] 
2020-10-29T14:50:10.859+0800: 0.539: [CMS-concurrent-reset-start]
2020-10-29T14:50:10.859+0800: 0.539: [CMS-concurrent-reset: 0.000/0.000 secs] [Times: user=0.00 sys=0.00, real=0.00 secs] 
2020-10-29T14:50:10.862+0800: 0.542: [GC (Allocation Failure) 2020-10-29T14:50:10.862+0800: 0.542: [ParNew: 78437K->78437K(78656K), 0.0000714 secs]2020-10-29T14:50:10.862+0800: 0.542: [CMS: 174205K->174526K(174784K), 0.0275071 secs] 252642K->221920K(253440K), [Metaspace: 2688K->2688K(1056768K)], 0.0279216 secs] [Times: user=0.02 sys=0.00, real=0.03 secs] 
2020-10-29T14:50:10.890+0800: 0.570: [GC (CMS Initial Mark) [1 CMS-initial-mark: 174526K(174784K)] 223559K(253440K), 0.0002161 secs] [Times: user=0.00 sys=0.00, real=0.00 secs] 
2020-10-29T14:50:10.910+0800: 0.590: [CMS-concurrent-mark-start]
2020-10-29T14:50:10.913+0800: 0.593: [CMS-concurrent-mark: 0.003/0.003 secs] [Times: user=0.00 sys=0.00, real=0.00 secs] 
2020-10-29T14:50:10.913+0800: 0.593: [CMS-concurrent-preclean-start]
2020-10-29T14:50:10.915+0800: 0.595: [CMS-concurrent-preclean: 0.002/0.002 secs] [Times: user=0.00 sys=0.00, real=0.00 secs] 
2020-10-29T14:50:10.915+0800: 0.595: [CMS-concurrent-abortable-preclean-start]
2020-10-29T14:50:10.915+0800: 0.595: [CMS-concurrent-abortable-preclean: 0.000/0.000 secs] [Times: user=0.00 sys=0.00, real=0.00 secs] 
2020-10-29T14:50:10.916+0800: 0.596: [GC (CMS Final Remark) [YG occupancy: 64748 K (78656 K)]2020-10-29T14:50:10.916+0800: 0.596: [Rescan (parallel) , 0.0005849 secs]2020-10-29T14:50:10.917+0800: 0.597: [weak refs processing, 0.0002619 secs]2020-10-29T14:50:10.917+0800: 0.597: [class unloading, 0.0005264 secs]2020-10-29T14:50:10.918+0800: 0.598: [scrub symbol table, 0.0008505 secs]2020-10-29T14:50:10.919+0800: 0.599: [scrub string table, 0.0003657 secs][1 CMS-remark: 174526K(174784K)] 239274K(253440K), 0.0037875 secs] [Times: user=0.00 sys=0.00, real=0.00 secs] 
2020-10-29T14:50:10.920+0800: 0.600: [CMS-concurrent-sweep-start]
2020-10-29T14:50:10.921+0800: 0.601: [CMS-concurrent-sweep: 0.001/0.001 secs] [Times: user=0.00 sys=0.00, real=0.00 secs] 
2020-10-29T14:50:10.921+0800: 0.601: [CMS-concurrent-reset-start]
2020-10-29T14:50:10.921+0800: 0.601: [CMS-concurrent-reset: 0.000/0.000 secs] [Times: user=0.00 sys=0.00, real=0.00 secs] 
2020-10-29T14:50:10.926+0800: 0.606: [GC (Allocation Failure) 2020-10-29T14:50:10.926+0800: 0.606: [ParNew: 78629K->78629K(78656K), 0.0001941 secs]2020-10-29T14:50:10.926+0800: 0.606: [CMS: 174131K->174759K(174784K), 0.0453305 secs] 252760K->230653K(253440K), [Metaspace: 2688K->2688K(1056768K)], 0.0461083 secs] [Times: user=0.05 sys=0.00, real=0.05 secs] 
2020-10-29T14:50:10.972+0800: 0.652: [GC (CMS Initial Mark) [1 CMS-initial-mark: 174759K(174784K)] 230841K(253440K), 0.0002809 secs] [Times: user=0.00 sys=0.00, real=0.00 secs] 
2020-10-29T14:50:10.973+0800: 0.653: [CMS-concurrent-mark-start]
2020-10-29T14:50:10.974+0800: 0.654: [CMS-concurrent-mark: 0.001/0.001 secs] [Times: user=0.00 sys=0.00, real=0.00 secs] 
2020-10-29T14:50:10.974+0800: 0.654: [CMS-concurrent-preclean-start]
2020-10-29T14:50:10.975+0800: 0.655: [CMS-concurrent-preclean: 0.001/0.001 secs] [Times: user=0.00 sys=0.00, real=0.00 secs] 
2020-10-29T14:50:10.975+0800: 0.655: [CMS-concurrent-abortable-preclean-start]
2020-10-29T14:50:10.975+0800: 0.655: [CMS-concurrent-abortable-preclean: 0.000/0.000 secs] [Times: user=0.00 sys=0.00, real=0.00 secs] 
2020-10-29T14:50:10.976+0800: 0.656: [GC (CMS Final Remark) [YG occupancy: 69464 K (78656 K)]2020-10-29T14:50:10.976+0800: 0.656: [Rescan (parallel) , 0.0002721 secs]2020-10-29T14:50:10.976+0800: 0.656: [weak refs processing, 0.0000793 secs]2020-10-29T14:50:10.976+0800: 0.656: [class unloading, 0.0002794 secs]2020-10-29T14:50:10.977+0800: 0.657: [scrub symbol table, 0.0004155 secs]2020-10-29T14:50:10.977+0800: 0.657: [scrub string table, 0.0001801 secs][1 CMS-remark: 174759K(174784K)] 244223K(253440K), 0.0017274 secs] [Times: user=0.00 sys=0.00, real=0.00 secs] 
2020-10-29T14:50:10.978+0800: 0.657: [CMS-concurrent-sweep-start]
2020-10-29T14:50:10.978+0800: 0.658: [CMS-concurrent-sweep: 0.000/0.000 secs] [Times: user=0.00 sys=0.00, real=0.00 secs] 
2020-10-29T14:50:10.978+0800: 0.658: [CMS-concurrent-reset-start]
2020-10-29T14:50:10.978+0800: 0.658: [CMS-concurrent-reset: 0.000/0.000 secs] [Times: user=0.00 sys=0.00, real=0.00 secs] 
2020-10-29T14:50:10.979+0800: 0.659: [GC (Allocation Failure) 2020-10-29T14:50:10.979+0800: 0.659: [ParNew: 78127K->78127K(78656K), 0.0000833 secs]2020-10-29T14:50:10.979+0800: 0.659: [CMS: 174759K->174749K(174784K), 0.0305847 secs] 252886K->232677K(253440K), [Metaspace: 2688K->2688K(1056768K)], 0.0309449 secs] [Times: user=0.03 sys=0.00, real=0.03 secs] 
2020-10-29T14:50:11.010+0800: 0.690: [GC (CMS Initial Mark) [1 CMS-initial-mark: 174749K(174784K)] 235023K(253440K), 0.0002439 secs] [Times: user=0.00 sys=0.00, real=0.00 secs] 
2020-10-29T14:50:11.011+0800: 0.691: [CMS-concurrent-mark-start]
2020-10-29T14:50:11.012+0800: 0.692: [CMS-concurrent-mark: 0.001/0.001 secs] [Times: user=0.00 sys=0.00, real=0.00 secs] 
2020-10-29T14:50:11.012+0800: 0.692: [CMS-concurrent-preclean-start]
2020-10-29T14:50:11.013+0800: 0.693: [CMS-concurrent-preclean: 0.001/0.001 secs] [Times: user=0.00 sys=0.00, real=0.00 secs] 
2020-10-29T14:50:11.013+0800: 0.693: [CMS-concurrent-abortable-preclean-start]
2020-10-29T14:50:11.013+0800: 0.693: [CMS-concurrent-abortable-preclean: 0.000/0.000 secs] [Times: user=0.00 sys=0.00, real=0.00 secs] 
2020-10-29T14:50:11.013+0800: 0.693: [GC (CMS Final Remark) [YG occupancy: 77316 K (78656 K)]2020-10-29T14:50:11.013+0800: 0.693: [Rescan (parallel) , 0.0003186 secs]2020-10-29T14:50:11.013+0800: 0.693: [weak refs processing, 0.0000503 secs]2020-10-29T14:50:11.014+0800: 0.693: [class unloading, 0.0002640 secs]2020-10-29T14:50:11.014+0800: 0.694: [scrub symbol table, 0.0003075 secs]2020-10-29T14:50:11.014+0800: 0.694: [scrub string table, 0.0001187 secs][1 CMS-remark: 174749K(174784K)] 252066K(253440K), 0.0014112 secs] [Times: user=0.00 sys=0.00, real=0.00 secs] 
2020-10-29T14:50:11.015+0800: 0.694: [CMS-concurrent-sweep-start]
2020-10-29T14:50:11.015+0800: 0.695: [Full GC (Allocation Failure) 2020-10-29T14:50:11.015+0800: 0.695: [CMS2020-10-29T14:50:11.015+0800: 0.695: [CMS-concurrent-sweep: 0.000/0.000 secs] [Times: user=0.00 sys=0.00, real=0.00 secs] 
 (concurrent mode failure): 174749K->174767K(174784K), 0.0275169 secs] 252888K->236600K(253440K), [Metaspace: 2688K->2688K(1056768K)], 0.0277069 secs] [Times: user=0.03 sys=0.00, real=0.03 secs] 
2020-10-29T14:50:11.045+0800: 0.725: [Full GC (Allocation Failure) 2020-10-29T14:50:11.045+0800: 0.725: [CMS: 174767K->174425K(174784K), 0.0275816 secs] 253339K->238788K(253440K), [Metaspace: 2688K->2688K(1056768K)], 0.0278158 secs] [Times: user=0.03 sys=0.00, real=0.03 secs] 
2020-10-29T14:50:11.073+0800: 0.753: [GC (CMS Initial Mark) [1 CMS-initial-mark: 174425K(174784K)] 239582K(253440K), 0.0002316 secs] [Times: user=0.00 sys=0.00, real=0.00 secs] 
2020-10-29T14:50:11.074+0800: 0.753: [CMS-concurrent-mark-start]
2020-10-29T14:50:11.075+0800: 0.755: [CMS-concurrent-mark: 0.001/0.001 secs] [Times: user=0.00 sys=0.00, real=0.00 secs] 
2020-10-29T14:50:11.075+0800: 0.755: [CMS-concurrent-preclean-start]
2020-10-29T14:50:11.076+0800: 0.756: [CMS-concurrent-preclean: 0.001/0.001 secs] [Times: user=0.00 sys=0.00, real=0.00 secs] 
2020-10-29T14:50:11.076+0800: 0.756: [Full GC (Allocation Failure) 2020-10-29T14:50:11.076+0800: 0.756: [CMS (concurrent mode failure): 174425K->174206K(174784K), 0.0268852 secs] 252832K->241040K(253440K), [Metaspace: 2688K->2688K(1056768K)], 0.0271281 secs] [Times: user=0.03 sys=0.00, real=0.03 secs] 
2020-10-29T14:50:11.106+0800: 0.785: [Full GC (Allocation Failure) 2020-10-29T14:50:11.106+0800: 0.785: [CMS: 174485K->174061K(174784K), 0.0289693 secs] 253089K->243395K(253440K), [Metaspace: 2688K->2688K(1056768K)], 0.0291850 secs] [Times: user=0.03 sys=0.00, real=0.03 secs] 
2020-10-29T14:50:11.135+0800: 0.815: [GC (CMS Initial Mark) [1 CMS-initial-mark: 174061K(174784K)] 244013K(253440K), 0.0002276 secs] [Times: user=0.00 sys=0.00, real=0.00 secs] 
2020-10-29T14:50:11.136+0800: 0.815: [CMS-concurrent-mark-start]
2020-10-29T14:50:11.137+0800: 0.817: [CMS-concurrent-mark: 0.001/0.001 secs] [Times: user=0.00 sys=0.00, real=0.00 secs] 
2020-10-29T14:50:11.137+0800: 0.817: [CMS-concurrent-preclean-start]
2020-10-29T14:50:11.138+0800: 0.817: [Full GC (Allocation Failure) 2020-10-29T14:50:11.138+0800: 0.817: [CMS2020-10-29T14:50:11.138+0800: 0.818: [CMS-concurrent-preclean: 0.001/0.001 secs] [Times: user=0.00 sys=0.00, real=0.00 secs] 
 (concurrent mode failure): 174493K->174699K(174784K), 0.0292328 secs] 253027K->244645K(253440K), [Metaspace: 2688K->2688K(1056768K)], 0.0294330 secs] [Times: user=0.03 sys=0.00, real=0.03 secs] 
2020-10-29T14:50:11.168+0800: 0.848: [Full GC (Allocation Failure) 2020-10-29T14:50:11.168+0800: 0.848: [CMS: 174699K->174482K(174784K), 0.0287805 secs] 252990K->242475K(253440K), [Metaspace: 2688K->2688K(1056768K)], 0.0289733 secs] [Times: user=0.03 sys=0.00, real=0.03 secs] 
2020-10-29T14:50:11.197+0800: 0.877: [GC (CMS Initial Mark) [1 CMS-initial-mark: 174482K(174784K)] 243362K(253440K), 0.0002539 secs] [Times: user=0.00 sys=0.00, real=0.00 secs] 
2020-10-29T14:50:11.197+0800: 0.877: [CMS-concurrent-mark-start]
2020-10-29T14:50:11.198+0800: 0.878: [CMS-concurrent-mark: 0.001/0.001 secs] [Times: user=0.00 sys=0.00, real=0.00 secs] 
2020-10-29T14:50:11.198+0800: 0.879: [CMS-concurrent-preclean-start]
2020-10-29T14:50:11.199+0800: 0.879: [Full GC (Allocation Failure) 2020-10-29T14:50:11.199+0800: 0.879: [CMS2020-10-29T14:50:11.199+0800: 0.880: [CMS-concurrent-preclean: 0.001/0.001 secs] [Times: user=0.00 sys=0.00, real=0.00 secs] 
 (concurrent mode failure): 174482K->174573K(174784K), 0.0286404 secs] 252928K->242983K(253440K), [Metaspace: 2688K->2688K(1056768K)], 0.0288719 secs] [Times: user=0.03 sys=0.00, real=0.03 secs] 
2020-10-29T14:50:11.229+0800: 0.909: [Full GC (Allocation Failure) 2020-10-29T14:50:11.229+0800: 0.909: [CMS: 174573K->174665K(174784K), 0.0292405 secs] 253183K->244220K(253440K), [Metaspace: 2688K->2688K(1056768K)], 0.0294733 secs] [Times: user=0.03 sys=0.00, real=0.03 secs] 
2020-10-29T14:50:11.259+0800: 0.939: [GC (CMS Initial Mark) [1 CMS-initial-mark: 174665K(174784K)] 244364K(253440K), 0.0002959 secs] [Times: user=0.00 sys=0.00, real=0.00 secs] 
2020-10-29T14:50:11.259+0800: 0.939: [CMS-concurrent-mark-start]
2020-10-29T14:50:11.260+0800: 0.941: [CMS-concurrent-mark: 0.001/0.001 secs] [Times: user=0.00 sys=0.00, real=0.00 secs] 
2020-10-29T14:50:11.261+0800: 0.941: [Full GC (Allocation Failure) 2020-10-29T14:50:11.261+0800: 0.941: [CMS (concurrent mode failure): 174665K->174594K(174784K), 0.0305361 secs] 253139K->244718K(253440K), [Metaspace: 2688K->2688K(1056768K)], 0.0307366 secs] [Times: user=0.03 sys=0.00, real=0.03 secs] 
2020-10-29T14:50:11.293+0800: 0.973: [Full GC (Allocation Failure) 2020-10-29T14:50:11.293+0800: 0.973: [CMS: 174594K->174686K(174784K), 0.0295484 secs] 252982K->246602K(253440K), [Metaspace: 2688K->2688K(1056768K)], 0.0297608 secs] [Times: user=0.03 sys=0.00, real=0.03 secs] 
2020-10-29T14:50:11.323+0800: 1.003: [GC (CMS Initial Mark) [1 CMS-initial-mark: 174686K(174784K)] 246890K(253440K), 0.0002935 secs] [Times: user=0.00 sys=0.00, real=0.00 secs] 
2020-10-29T14:50:11.323+0800: 1.003: [CMS-concurrent-mark-start]
2020-10-29T14:50:11.324+0800: 1.004: [Full GC (Allocation Failure) 2020-10-29T14:50:11.324+0800: 1.004: [CMS2020-10-29T14:50:11.324+0800: 1.004: [CMS-concurrent-mark: 0.001/0.001 secs] [Times: user=0.00 sys=0.00, real=0.00 secs] 
 (concurrent mode failure): 174769K->174757K(174784K), 0.0290129 secs] 253389K->245834K(253440K), [Metaspace: 2688K->2688K(1056768K)], 0.0292092 secs] [Times: user=0.03 sys=0.00, real=0.03 secs] 
2020-10-29T14:50:11.354+0800: 1.034: [Full GC (Allocation Failure) 2020-10-29T14:50:11.354+0800: 1.034: [CMS: 174757K->174484K(174784K), 0.0298159 secs] 253371K->248341K(253440K), [Metaspace: 2688K->2688K(1056768K)], 0.0299916 secs] [Times: user=0.03 sys=0.00, real=0.03 secs] 
2020-10-29T14:50:11.385+0800: 1.064: [GC (CMS Initial Mark) [1 CMS-initial-mark: 174484K(174784K)] 248453K(253440K), 0.0003148 secs] [Times: user=0.00 sys=0.00, real=0.00 secs] 
2020-10-29T14:50:11.385+0800: 1.065: [CMS-concurrent-mark-start]
2020-10-29T14:50:11.386+0800: 1.066: [Full GC (Allocation Failure) 2020-10-29T14:50:11.386+0800: 1.066: [CMS2020-10-29T14:50:11.387+0800: 1.066: [CMS-concurrent-mark: 0.001/0.001 secs] [Times: user=0.00 sys=0.00, real=0.00 secs] 
 (concurrent mode failure): 174484K->174777K(174784K), 0.0295976 secs] 252945K->249050K(253440K), [Metaspace: 2688K->2688K(1056768K)], 0.0298550 secs] [Times: user=0.03 sys=0.00, real=0.03 secs] 
2020-10-29T14:50:11.417+0800: 1.097: [Full GC (Allocation Failure) 2020-10-29T14:50:11.417+0800: 1.097: [CMS: 174777K->174233K(174784K), 0.0254150 secs] 253412K->248696K(253440K), [Metaspace: 2688K->2688K(1056768K)], 0.0256903 secs] [Times: user=0.03 sys=0.00, real=0.03 secs] 
2020-10-29T14:50:11.443+0800: 1.123: [GC (CMS Initial Mark) [1 CMS-initial-mark: 174233K(174784K)] 248768K(253440K), 0.0002562 secs] [Times: user=0.00 sys=0.00, real=0.00 secs] 
2020-10-29T14:50:11.443+0800: 1.123: [CMS-concurrent-mark-start]
2020-10-29T14:50:11.444+0800: 1.124: [Full GC (Allocation Failure) 2020-10-29T14:50:11.444+0800: 1.124: [CMS2020-10-29T14:50:11.445+0800: 1.125: [CMS-concurrent-mark: 0.001/0.002 secs] [Times: user=0.00 sys=0.00, real=0.00 secs] 
 (concurrent mode failure): 174233K->174712K(174784K), 0.0286430 secs] 252773K->249056K(253440K), [Metaspace: 2688K->2688K(1056768K)], 0.0288662 secs] [Times: user=0.03 sys=0.00, real=0.03 secs] 
Heap
 par new generation   total 78656K, used 75318K [0x00000000f0000000, 0x00000000f5550000, 0x00000000f5550000)
  eden space 69952K, 100% used [0x00000000f0000000, 0x00000000f4450000, 0x00000000f4450000)
  from space 8704K,  61% used [0x00000000f4450000, 0x00000000f498dad8, 0x00000000f4cd0000)
  to   space 8704K,   0% used [0x00000000f4cd0000, 0x00000000f4cd0000, 0x00000000f5550000)
 concurrent mark-sweep generation total 174784K, used 174712K [0x00000000f5550000, 0x0000000100000000, 0x0000000100000000)
 Metaspace       used 2694K, capacity 4486K, committed 4864K, reserved 1056768K
  class space    used 290K, capacity 386K, committed 512K, reserved 1048576K
