Java HotSpot(TM) 64-Bit Server VM (25.171-b11) for windows-amd64 JRE (1.8.0_171-b11), built on Mar 28 2018 16:06:12 by "java_re" with MS VC++ 10.0 (VS2010)
Memory: 4k page, physical 16658664k(6048292k free), swap 39727336k(21021372k free)
CommandLine flags: -XX:InitialHeapSize=2147483648 -XX:MaxHeapSize=2147483648 -XX:MaxNewSize=348966912 -XX:MaxTenuringThreshold=6 -XX:NewSize=348966912 -XX:OldPLABSize=16 -XX:OldSize=697933824 -XX:+PrintGC -XX:+PrintGCDateStamps -XX:+PrintGCDetails -XX:+PrintGCTimeStamps -XX:+UseCompressedClassPointers -XX:+UseCompressedOops -XX:+UseConcMarkSweepGC -XX:-UseLargePagesIndividualAllocation -XX:+UseParNewGC 
2020-10-29T16:50:23.047+0800: 0.263: [GC (Allocation Failure) 2020-10-29T16:50:23.048+0800: 0.264: [ParNew: 272640K->34047K(306688K), 0.0174098 secs] 272640K->81571K(2063104K), 0.0187349 secs] [Times: user=0.02 sys=0.03, real=0.02 secs] 
2020-10-29T16:50:23.098+0800: 0.316: [GC (Allocation Failure) 2020-10-29T16:50:23.098+0800: 0.316: [ParNew: 306687K->34048K(306688K), 0.0211422 secs] 354211K->159799K(2063104K), 0.0213671 secs] [Times: user=0.05 sys=0.02, real=0.02 secs] 
2020-10-29T16:50:23.151+0800: 0.369: [GC (Allocation Failure) 2020-10-29T16:50:23.151+0800: 0.369: [ParNew: 306688K->34048K(306688K), 0.0316404 secs] 432439K->225020K(2063104K), 0.0318679 secs] [Times: user=0.11 sys=0.01, real=0.03 secs] 
2020-10-29T16:50:23.213+0800: 0.431: [GC (Allocation Failure) 2020-10-29T16:50:23.214+0800: 0.431: [ParNew: 306688K->34048K(306688K), 0.0410511 secs] 497660K->310861K(2063104K), 0.0412944 secs] [Times: user=0.19 sys=0.00, real=0.04 secs] 
2020-10-29T16:50:23.285+0800: 0.502: [GC (Allocation Failure) 2020-10-29T16:50:23.285+0800: 0.502: [ParNew: 306688K->34048K(306688K), 0.0391822 secs] 583501K->392633K(2063104K), 0.0394353 secs] [Times: user=0.09 sys=0.03, real=0.04 secs] 
2020-10-29T16:50:23.355+0800: 0.572: [GC (Allocation Failure) 2020-10-29T16:50:23.355+0800: 0.572: [ParNew: 306688K->34048K(306688K), 0.0434194 secs] 665273K->483891K(2063104K), 0.0436498 secs] [Times: user=0.16 sys=0.03, real=0.04 secs] 
2020-10-29T16:50:23.428+0800: 0.645: [GC (Allocation Failure) 2020-10-29T16:50:23.428+0800: 0.645: [ParNew: 306688K->34048K(306688K), 0.0424604 secs] 756531K->578872K(2063104K), 0.0426920 secs] [Times: user=0.16 sys=0.03, real=0.04 secs] 
2020-10-29T16:50:23.500+0800: 0.718: [GC (Allocation Failure) 2020-10-29T16:50:23.500+0800: 0.718: [ParNew: 306688K->34048K(306688K), 0.0391200 secs] 851512K->662922K(2063104K), 0.0393498 secs] [Times: user=0.16 sys=0.02, real=0.04 secs] 
2020-10-29T16:50:23.572+0800: 0.789: [GC (Allocation Failure) 2020-10-29T16:50:23.572+0800: 0.789: [ParNew: 306688K->34048K(306688K), 0.0362087 secs] 935562K->735097K(2063104K), 0.0365725 secs] [Times: user=0.09 sys=0.00, real=0.04 secs] 
2020-10-29T16:50:23.639+0800: 0.856: [GC (Allocation Failure) 2020-10-29T16:50:23.639+0800: 0.856: [ParNew: 306688K->34048K(306688K), 0.0386611 secs] 1007737K->824154K(2063104K), 0.0388805 secs] [Times: user=0.17 sys=0.01, real=0.04 secs] 
2020-10-29T16:50:23.710+0800: 0.927: [GC (Allocation Failure) 2020-10-29T16:50:23.710+0800: 0.927: [ParNew: 306688K->34048K(306688K), 0.0390618 secs] 1096794K->904917K(2063104K), 0.0392901 secs] [Times: user=0.06 sys=0.03, real=0.04 secs] 
2020-10-29T16:50:23.782+0800: 0.999: [GC (Allocation Failure) 2020-10-29T16:50:23.782+0800: 0.999: [ParNew: 306688K->34048K(306688K), 0.0377051 secs] 1177557K->980281K(2063104K), 0.0379531 secs] [Times: user=0.11 sys=0.02, real=0.04 secs] 
2020-10-29T16:50:23.821+0800: 1.037: [GC (CMS Initial Mark) [1 CMS-initial-mark: 946233K(1756416K)] 986002K(2063104K), 0.0002084 secs] [Times: user=0.00 sys=0.00, real=0.00 secs] 
2020-10-29T16:50:23.821+0800: 1.038: [CMS-concurrent-mark-start]
2020-10-29T16:50:23.838+0800: 1.055: [CMS-concurrent-mark: 0.017/0.017 secs] [Times: user=0.02 sys=0.02, real=0.02 secs] 
2020-10-29T16:50:23.838+0800: 1.055: [CMS-concurrent-preclean-start]
2020-10-29T16:50:23.840+0800: 1.057: [CMS-concurrent-preclean: 0.002/0.002 secs] [Times: user=0.00 sys=0.00, real=0.00 secs] 
2020-10-29T16:50:23.840+0800: 1.057: [CMS-concurrent-abortable-preclean-start]
2020-10-29T16:50:23.853+0800: 1.070: [GC (Allocation Failure) 2020-10-29T16:50:23.853+0800: 1.070: [ParNew: 306688K->34048K(306688K), 0.0433625 secs] 1252921K->1063439K(2063104K), 0.0436285 secs] [Times: user=0.13 sys=0.02, real=0.04 secs] 
Heap
 par new generation   total 306688K, used 93119K [0x0000000080000000, 0x0000000094cc0000, 0x0000000094cc0000)
  eden space 272640K,  21% used [0x0000000080000000, 0x00000000839afc28, 0x0000000090a40000)
  from space 34048K, 100% used [0x0000000092b80000, 0x0000000094cc0000, 0x0000000094cc0000)
  to   space 34048K,   0% used [0x0000000090a40000, 0x0000000090a40000, 0x0000000092b80000)
 concurrent mark-sweep generation total 1756416K, used 1029391K [0x0000000094cc0000, 0x0000000100000000, 0x0000000100000000)
 Metaspace       used 2694K, capacity 4486K, committed 4864K, reserved 1056768K
  class space    used 290K, capacity 386K, committed 512K, reserved 1048576K
