Java HotSpot(TM) 64-Bit Server VM (25.171-b11) for windows-amd64 JRE (1.8.0_171-b11), built on Mar 28 2018 16:06:12 by "java_re" with MS VC++ 10.0 (VS2010)
Memory: 4k page, physical 16658664k(6844888k free), swap 39727336k(22873744k free)
CommandLine flags: -XX:InitialHeapSize=1073741824 -XX:MaxHeapSize=1073741824 -XX:MaxNewSize=348966912 -XX:MaxTenuringThreshold=6 -XX:NewSize=348966912 -XX:OldPLABSize=16 -XX:OldSize=697933824 -XX:+PrintGC -XX:+PrintGCDateStamps -XX:+PrintGCDetails -XX:+PrintGCTimeStamps -XX:+UseCompressedClassPointers -XX:+UseCompressedOops -XX:+UseConcMarkSweepGC -XX:-UseLargePagesIndividualAllocation -XX:+UseParNewGC 
2020-10-29T14:50:35.345+0800: 0.274: [GC (Allocation Failure) 2020-10-29T14:50:35.345+0800: 0.274: [ParNew: 272640K->34045K(306688K), 0.0147604 secs] 272640K->74518K(1014528K), 0.0150788 secs] [Times: user=0.00 sys=0.00, real=0.01 secs] 
2020-10-29T14:50:35.396+0800: 0.325: [GC (Allocation Failure) 2020-10-29T14:50:35.396+0800: 0.325: [ParNew: 306685K->34046K(306688K), 0.0193710 secs] 347158K->148127K(1014528K), 0.0196143 secs] [Times: user=0.01 sys=0.05, real=0.02 secs] 
2020-10-29T14:50:35.451+0800: 0.381: [GC (Allocation Failure) 2020-10-29T14:50:35.452+0800: 0.381: [ParNew: 306686K->34048K(306688K), 0.0373921 secs] 420767K->226331K(1014528K), 0.0376908 secs] [Times: user=0.11 sys=0.02, real=0.04 secs] 
2020-10-29T14:50:35.525+0800: 0.454: [GC (Allocation Failure) 2020-10-29T14:50:35.525+0800: 0.454: [ParNew: 306688K->34048K(306688K), 0.0373251 secs] 498971K->302633K(1014528K), 0.0376038 secs] [Times: user=0.09 sys=0.00, real=0.04 secs] 
2020-10-29T14:50:35.597+0800: 0.527: [GC (Allocation Failure) 2020-10-29T14:50:35.598+0800: 0.527: [ParNew: 306688K->34048K(306688K), 0.0378297 secs] 575273K->381214K(1014528K), 0.0381110 secs] [Times: user=0.05 sys=0.03, real=0.04 secs] 
2020-10-29T14:50:35.668+0800: 0.597: [GC (Allocation Failure) 2020-10-29T14:50:35.668+0800: 0.597: [ParNew: 306634K->34048K(306688K), 0.0363073 secs] 653800K->457095K(1014528K), 0.0366086 secs] [Times: user=0.08 sys=0.00, real=0.04 secs] 
2020-10-29T14:50:35.705+0800: 0.634: [GC (CMS Initial Mark) [1 CMS-initial-mark: 423047K(707840K)] 463259K(1014528K), 0.0001970 secs] [Times: user=0.00 sys=0.00, real=0.00 secs] 
2020-10-29T14:50:35.705+0800: 0.634: [CMS-concurrent-mark-start]
2020-10-29T14:50:35.713+0800: 0.642: [CMS-concurrent-mark: 0.008/0.008 secs] [Times: user=0.00 sys=0.00, real=0.01 secs] 
2020-10-29T14:50:35.713+0800: 0.642: [CMS-concurrent-preclean-start]
2020-10-29T14:50:35.714+0800: 0.643: [CMS-concurrent-preclean: 0.001/0.001 secs] [Times: user=0.00 sys=0.00, real=0.00 secs] 
2020-10-29T14:50:35.714+0800: 0.643: [CMS-concurrent-abortable-preclean-start]
2020-10-29T14:50:35.737+0800: 0.666: [GC (Allocation Failure) 2020-10-29T14:50:35.737+0800: 0.666: [ParNew: 306688K->34048K(306688K), 0.0468465 secs] 729735K->544091K(1014528K), 0.0471108 secs] [Times: user=0.09 sys=0.05, real=0.05 secs] 
2020-10-29T14:50:35.817+0800: 0.747: [GC (Allocation Failure) 2020-10-29T14:50:35.818+0800: 0.747: [ParNew: 306342K->34048K(306688K), 0.0469750 secs] 816385K->632606K(1014528K), 0.0472449 secs] [Times: user=0.16 sys=0.00, real=0.05 secs] 
2020-10-29T14:50:35.898+0800: 0.827: [GC (Allocation Failure) 2020-10-29T14:50:35.898+0800: 0.827: [ParNew: 306688K->34048K(306688K), 0.0389717 secs] 905246K->705631K(1014528K), 0.0392056 secs] [Times: user=0.06 sys=0.01, real=0.04 secs] 
2020-10-29T14:50:35.938+0800: 0.868: [CMS-concurrent-abortable-preclean: 0.005/0.225 secs] [Times: user=0.41 sys=0.06, real=0.22 secs] 
2020-10-29T14:50:35.938+0800: 0.868: [GC (CMS Final Remark) [YG occupancy: 45829 K (306688 K)]2020-10-29T14:50:35.938+0800: 0.868: [Rescan (parallel) , 0.0003922 secs]2020-10-29T14:50:35.939+0800: 0.868: [weak refs processing, 0.0000592 secs]2020-10-29T14:50:35.939+0800: 0.868: [class unloading, 0.0002366 secs]2020-10-29T14:50:35.939+0800: 0.869: [scrub symbol table, 0.0003128 secs]2020-10-29T14:50:35.940+0800: 0.869: [scrub string table, 0.0001551 secs][1 CMS-remark: 671583K(707840K)] 717412K(1014528K), 0.0015212 secs] [Times: user=0.06 sys=0.00, real=0.00 secs] 
2020-10-29T14:50:35.940+0800: 0.870: [CMS-concurrent-sweep-start]
2020-10-29T14:50:35.941+0800: 0.871: [CMS-concurrent-sweep: 0.001/0.001 secs] [Times: user=0.00 sys=0.00, real=0.00 secs] 
2020-10-29T14:50:35.941+0800: 0.871: [CMS-concurrent-reset-start]
2020-10-29T14:50:35.942+0800: 0.871: [CMS-concurrent-reset: 0.001/0.001 secs] [Times: user=0.00 sys=0.00, real=0.00 secs] 
2020-10-29T14:50:35.969+0800: 0.898: [GC (Allocation Failure) 2020-10-29T14:50:35.969+0800: 0.898: [ParNew: 306688K->34048K(306688K), 0.0146647 secs] 802979K->617081K(1014528K), 0.0148970 secs] [Times: user=0.01 sys=0.00, real=0.01 secs] 
2020-10-29T14:50:35.984+0800: 0.913: [GC (CMS Initial Mark) [1 CMS-initial-mark: 583033K(707840K)] 617474K(1014528K), 0.0001449 secs] [Times: user=0.00 sys=0.00, real=0.00 secs] 
2020-10-29T14:50:35.984+0800: 0.914: [CMS-concurrent-mark-start]
2020-10-29T14:50:35.987+0800: 0.917: [CMS-concurrent-mark: 0.003/0.003 secs] [Times: user=0.03 sys=0.00, real=0.00 secs] 
2020-10-29T14:50:35.987+0800: 0.917: [CMS-concurrent-preclean-start]
2020-10-29T14:50:35.988+0800: 0.917: [CMS-concurrent-preclean: 0.001/0.001 secs] [Times: user=0.00 sys=0.00, real=0.00 secs] 
2020-10-29T14:50:35.988+0800: 0.917: [CMS-concurrent-abortable-preclean-start]
2020-10-29T14:50:36.022+0800: 0.952: [GC (Allocation Failure) 2020-10-29T14:50:36.023+0800: 0.952: [ParNew: 306568K->34048K(306688K), 0.0129081 secs] 889601K->691926K(1014528K), 0.0131584 secs] [Times: user=0.05 sys=0.00, real=0.01 secs] 
2020-10-29T14:50:36.069+0800: 0.998: [GC (Allocation Failure) 2020-10-29T14:50:36.069+0800: 0.998: [ParNew: 306517K->306517K(306688K), 0.0000646 secs]2020-10-29T14:50:36.069+0800: 0.999: [CMS2020-10-29T14:50:36.069+0800: 0.999: [CMS-concurrent-abortable-preclean: 0.003/0.081 secs] [Times: user=0.11 sys=0.00, real=0.08 secs] 
 (concurrent mode failure): 657878K->349565K(707840K), 0.0496217 secs] 964396K->349565K(1014528K), [Metaspace: 2688K->2688K(1056768K)], 0.0499808 secs] [Times: user=0.05 sys=0.00, real=0.05 secs] 
2020-10-29T14:50:36.151+0800: 1.080: [GC (Allocation Failure) 2020-10-29T14:50:36.151+0800: 1.080: [ParNew: 272605K->34048K(306688K), 0.0106155 secs] 622170K->434901K(1014528K), 0.0108366 secs] [Times: user=0.05 sys=0.00, real=0.01 secs] 
2020-10-29T14:50:36.191+0800: 1.121: [GC (Allocation Failure) 2020-10-29T14:50:36.192+0800: 1.121: [ParNew: 306688K->34048K(306688K), 0.0140379 secs] 707541K->524583K(1014528K), 0.0143072 secs] [Times: user=0.05 sys=0.00, real=0.02 secs] 
2020-10-29T14:50:36.206+0800: 1.136: [GC (CMS Initial Mark) [1 CMS-initial-mark: 490535K(707840K)] 524916K(1014528K), 0.0002249 secs] [Times: user=0.00 sys=0.00, real=0.00 secs] 
2020-10-29T14:50:36.206+0800: 1.136: [CMS-concurrent-mark-start]
Heap
 par new generation   total 306688K, used 45241K [0x00000000c0000000, 0x00000000d4cc0000, 0x00000000d4cc0000)
  eden space 272640K,   4% used [0x00000000c0000000, 0x00000000c0aee7a0, 0x00000000d0a40000)
  from space 34048K, 100% used [0x00000000d2b80000, 0x00000000d4cc0000, 0x00000000d4cc0000)
  to   space 34048K,   0% used [0x00000000d0a40000, 0x00000000d0a40000, 0x00000000d2b80000)
 concurrent mark-sweep generation total 707840K, used 490535K [0x00000000d4cc0000, 0x0000000100000000, 0x0000000100000000)
 Metaspace       used 2694K, capacity 4486K, committed 4864K, reserved 1056768K
  class space    used 290K, capacity 386K, committed 512K, reserved 1048576K
