Java HotSpot(TM) 64-Bit Server VM (25.171-b11) for windows-amd64 JRE (1.8.0_171-b11), built on Mar 28 2018 16:06:12 by "java_re" with MS VC++ 10.0 (VS2010)
Memory: 4k page, physical 16658664k(6844880k free), swap 39727336k(22871084k free)
CommandLine flags: -XX:InitialHeapSize=536870912 -XX:MaxHeapSize=536870912 -XX:MaxNewSize=178958336 -XX:MaxTenuringThreshold=6 -XX:NewSize=178958336 -XX:OldPLABSize=16 -XX:OldSize=357912576 -XX:+PrintGC -XX:+PrintGCDateStamps -XX:+PrintGCDetails -XX:+PrintGCTimeStamps -XX:+UseCompressedClassPointers -XX:+UseCompressedOops -XX:+UseConcMarkSweepGC -XX:-UseLargePagesIndividualAllocation -XX:+UseParNewGC 
2020-10-29T14:50:21.901+0800: 0.207: [GC (Allocation Failure) 2020-10-29T14:50:21.901+0800: 0.207: [ParNew: 139776K->17470K(157248K), 0.0090352 secs] 139776K->42901K(506816K), 0.0093697 secs] [Times: user=0.00 sys=0.06, real=0.01 secs] 
2020-10-29T14:50:21.929+0800: 0.235: [GC (Allocation Failure) 2020-10-29T14:50:21.929+0800: 0.235: [ParNew: 156911K->17472K(157248K), 0.0125814 secs] 182342K->90911K(506816K), 0.0128337 secs] [Times: user=0.03 sys=0.03, real=0.01 secs] 
2020-10-29T14:50:21.958+0800: 0.265: [GC (Allocation Failure) 2020-10-29T14:50:21.958+0800: 0.265: [ParNew: 157248K->17472K(157248K), 0.0168788 secs] 230687K->137317K(506816K), 0.0171113 secs] [Times: user=0.05 sys=0.02, real=0.02 secs] 
2020-10-29T14:50:21.992+0800: 0.299: [GC (Allocation Failure) 2020-10-29T14:50:21.992+0800: 0.300: [ParNew: 157248K->17472K(157248K), 0.0159813 secs] 277093K->183950K(506816K), 0.0161982 secs] [Times: user=0.03 sys=0.01, real=0.02 secs] 
2020-10-29T14:50:22.026+0800: 0.333: [GC (Allocation Failure) 2020-10-29T14:50:22.026+0800: 0.333: [ParNew: 157248K->17472K(157248K), 0.0140422 secs] 323726K->231084K(506816K), 0.0142828 secs] [Times: user=0.05 sys=0.02, real=0.01 secs] 
2020-10-29T14:50:22.041+0800: 0.347: [GC (CMS Initial Mark) [1 CMS-initial-mark: 213612K(349568K)] 231229K(506816K), 0.0001627 secs] [Times: user=0.00 sys=0.00, real=0.00 secs] 
2020-10-29T14:50:22.041+0800: 0.348: [CMS-concurrent-mark-start]
2020-10-29T14:50:22.044+0800: 0.351: [CMS-concurrent-mark: 0.004/0.004 secs] [Times: user=0.00 sys=0.00, real=0.00 secs] 
2020-10-29T14:50:22.045+0800: 0.351: [CMS-concurrent-preclean-start]
2020-10-29T14:50:22.045+0800: 0.352: [CMS-concurrent-preclean: 0.000/0.000 secs] [Times: user=0.00 sys=0.00, real=0.00 secs] 
2020-10-29T14:50:22.045+0800: 0.352: [CMS-concurrent-abortable-preclean-start]
2020-10-29T14:50:22.057+0800: 0.364: [GC (Allocation Failure) 2020-10-29T14:50:22.057+0800: 0.364: [ParNew: 157248K->17472K(157248K), 0.0149871 secs] 370860K->280148K(506816K), 0.0152248 secs] [Times: user=0.00 sys=0.06, real=0.02 secs] 
2020-10-29T14:50:22.089+0800: 0.396: [GC (Allocation Failure) 2020-10-29T14:50:22.089+0800: 0.396: [ParNew: 157248K->17472K(157248K), 0.0147279 secs] 419924K->325949K(506816K), 0.0149684 secs] [Times: user=0.03 sys=0.01, real=0.02 secs] 
2020-10-29T14:50:22.119+0800: 0.426: [GC (Allocation Failure) 2020-10-29T14:50:22.119+0800: 0.426: [ParNew: 157248K->157248K(157248K), 0.0000753 secs]2020-10-29T14:50:22.119+0800: 0.426: [CMS2020-10-29T14:50:22.120+0800: 0.426: [CMS-concurrent-abortable-preclean: 0.002/0.074 secs] [Times: user=0.08 sys=0.08, real=0.07 secs] 
 (concurrent mode failure): 308477K->249493K(349568K), 0.0310969 secs] 465725K->249493K(506816K), [Metaspace: 2688K->2688K(1056768K)], 0.0314897 secs] [Times: user=0.03 sys=0.00, real=0.03 secs] 
2020-10-29T14:50:22.166+0800: 0.473: [GC (Allocation Failure) 2020-10-29T14:50:22.166+0800: 0.473: [ParNew: 139776K->17472K(157248K), 0.0061661 secs] 389269K->295935K(506816K), 0.0065790 secs] [Times: user=0.00 sys=0.00, real=0.01 secs] 
2020-10-29T14:50:22.173+0800: 0.480: [GC (CMS Initial Mark) [1 CMS-initial-mark: 278463K(349568K)] 296683K(506816K), 0.0001366 secs] [Times: user=0.00 sys=0.00, real=0.00 secs] 
2020-10-29T14:50:22.173+0800: 0.480: [CMS-concurrent-mark-start]
2020-10-29T14:50:22.175+0800: 0.482: [CMS-concurrent-mark: 0.002/0.002 secs] [Times: user=0.03 sys=0.00, real=0.00 secs] 
2020-10-29T14:50:22.175+0800: 0.482: [CMS-concurrent-preclean-start]
2020-10-29T14:50:22.176+0800: 0.482: [CMS-concurrent-preclean: 0.000/0.000 secs] [Times: user=0.00 sys=0.00, real=0.00 secs] 
2020-10-29T14:50:22.176+0800: 0.482: [CMS-concurrent-abortable-preclean-start]
2020-10-29T14:50:22.189+0800: 0.496: [GC (Allocation Failure) 2020-10-29T14:50:22.189+0800: 0.496: [ParNew: 157248K->17472K(157248K), 0.0117460 secs] 435711K->340038K(506816K), 0.0119746 secs] [Times: user=0.00 sys=0.00, real=0.01 secs] 
2020-10-29T14:50:22.217+0800: 0.523: [GC (Allocation Failure) 2020-10-29T14:50:22.217+0800: 0.523: [ParNew: 157215K->157215K(157248K), 0.0000613 secs]2020-10-29T14:50:22.217+0800: 0.523: [CMS2020-10-29T14:50:22.217+0800: 0.524: [CMS-concurrent-abortable-preclean: 0.001/0.041 secs] [Times: user=0.05 sys=0.00, real=0.04 secs] 
 (concurrent mode failure): 322566K->283374K(349568K), 0.0379939 secs] 479782K->283374K(506816K), [Metaspace: 2688K->2688K(1056768K)], 0.0383512 secs] [Times: user=0.05 sys=0.00, real=0.04 secs] 
2020-10-29T14:50:22.271+0800: 0.578: [GC (Allocation Failure) 2020-10-29T14:50:22.271+0800: 0.578: [ParNew: 139776K->17472K(157248K), 0.0059148 secs] 423150K->328439K(506816K), 0.0061651 secs] [Times: user=0.00 sys=0.00, real=0.01 secs] 
2020-10-29T14:50:22.278+0800: 0.584: [GC (CMS Initial Mark) [1 CMS-initial-mark: 310967K(349568K)] 331412K(506816K), 0.0001974 secs] [Times: user=0.00 sys=0.00, real=0.00 secs] 
2020-10-29T14:50:22.278+0800: 0.584: [CMS-concurrent-mark-start]
2020-10-29T14:50:22.280+0800: 0.586: [CMS-concurrent-mark: 0.002/0.002 secs] [Times: user=0.00 sys=0.00, real=0.00 secs] 
2020-10-29T14:50:22.280+0800: 0.586: [CMS-concurrent-preclean-start]
2020-10-29T14:50:22.281+0800: 0.587: [CMS-concurrent-preclean: 0.000/0.000 secs] [Times: user=0.00 sys=0.00, real=0.00 secs] 
2020-10-29T14:50:22.281+0800: 0.587: [CMS-concurrent-abortable-preclean-start]
2020-10-29T14:50:22.295+0800: 0.601: [GC (Allocation Failure) 2020-10-29T14:50:22.295+0800: 0.601: [ParNew (promotion failed): 157248K->157247K(157248K), 0.0153157 secs]2020-10-29T14:50:22.310+0800: 0.616: [CMS2020-10-29T14:50:22.310+0800: 0.616: [CMS-concurrent-abortable-preclean: 0.000/0.030 secs] [Times: user=0.05 sys=0.03, real=0.03 secs] 
 (concurrent mode failure): 349406K->301409K(349568K), 0.0383446 secs] 468215K->301409K(506816K), [Metaspace: 2688K->2688K(1056768K)], 0.0540400 secs] [Times: user=0.08 sys=0.03, real=0.05 secs] 
2020-10-29T14:50:22.364+0800: 0.671: [GC (Allocation Failure) 2020-10-29T14:50:22.364+0800: 0.671: [ParNew: 139776K->139776K(157248K), 0.0000617 secs]2020-10-29T14:50:22.364+0800: 0.671: [CMS: 301409K->314201K(349568K), 0.0387465 secs] 441185K->314201K(506816K), [Metaspace: 2688K->2688K(1056768K)], 0.0390882 secs] [Times: user=0.03 sys=0.00, real=0.04 secs] 
2020-10-29T14:50:22.403+0800: 0.710: [GC (CMS Initial Mark) [1 CMS-initial-mark: 314201K(349568K)] 314592K(506816K), 0.0001994 secs] [Times: user=0.00 sys=0.00, real=0.00 secs] 
2020-10-29T14:50:22.404+0800: 0.711: [CMS-concurrent-mark-start]
2020-10-29T14:50:22.405+0800: 0.712: [CMS-concurrent-mark: 0.002/0.002 secs] [Times: user=0.00 sys=0.00, real=0.00 secs] 
2020-10-29T14:50:22.406+0800: 0.712: [CMS-concurrent-preclean-start]
2020-10-29T14:50:22.406+0800: 0.713: [CMS-concurrent-preclean: 0.000/0.000 secs] [Times: user=0.00 sys=0.00, real=0.00 secs] 
2020-10-29T14:50:22.406+0800: 0.713: [CMS-concurrent-abortable-preclean-start]
2020-10-29T14:50:22.419+0800: 0.726: [GC (Allocation Failure) 2020-10-29T14:50:22.419+0800: 0.726: [ParNew: 139776K->17472K(157248K), 0.0067728 secs] 453977K->366044K(506816K), 0.0070269 secs] [Times: user=0.06 sys=0.00, real=0.01 secs] 
2020-10-29T14:50:22.426+0800: 0.733: [CMS-concurrent-abortable-preclean: 0.000/0.020 secs] [Times: user=0.08 sys=0.00, real=0.02 secs] 
2020-10-29T14:50:22.427+0800: 0.733: [GC (CMS Final Remark) [YG occupancy: 20792 K (157248 K)]2020-10-29T14:50:22.427+0800: 0.734: [Rescan (parallel) , 0.0002845 secs]2020-10-29T14:50:22.427+0800: 0.734: [weak refs processing, 0.0000526 secs]2020-10-29T14:50:22.427+0800: 0.734: [class unloading, 0.0002820 secs]2020-10-29T14:50:22.427+0800: 0.734: [scrub symbol table, 0.0003504 secs]2020-10-29T14:50:22.428+0800: 0.735: [scrub string table, 0.0001165 secs][1 CMS-remark: 348572K(349568K)] 369365K(506816K), 0.0014166 secs] [Times: user=0.00 sys=0.00, real=0.00 secs] 
2020-10-29T14:50:22.428+0800: 0.735: [CMS-concurrent-sweep-start]
2020-10-29T14:50:22.429+0800: 0.736: [CMS-concurrent-sweep: 0.001/0.001 secs] [Times: user=0.00 sys=0.00, real=0.00 secs] 
2020-10-29T14:50:22.429+0800: 0.736: [CMS-concurrent-reset-start]
2020-10-29T14:50:22.429+0800: 0.736: [CMS-concurrent-reset: 0.000/0.000 secs] [Times: user=0.00 sys=0.00, real=0.00 secs] 
2020-10-29T14:50:22.444+0800: 0.750: [GC (Allocation Failure) 2020-10-29T14:50:22.444+0800: 0.751: [ParNew: 157248K->157248K(157248K), 0.0000790 secs]2020-10-29T14:50:22.444+0800: 0.751: [CMS: 348483K->333691K(349568K), 0.0431994 secs] 505731K->333691K(506816K), [Metaspace: 2688K->2688K(1056768K)], 0.0436325 secs] [Times: user=0.05 sys=0.00, real=0.04 secs] 
2020-10-29T14:50:22.488+0800: 0.794: [GC (CMS Initial Mark) [1 CMS-initial-mark: 333691K(349568K)] 334062K(506816K), 0.0002498 secs] [Times: user=0.00 sys=0.00, real=0.00 secs] 
2020-10-29T14:50:22.488+0800: 0.795: [CMS-concurrent-mark-start]
2020-10-29T14:50:22.490+0800: 0.797: [CMS-concurrent-mark: 0.002/0.002 secs] [Times: user=0.00 sys=0.00, real=0.00 secs] 
2020-10-29T14:50:22.490+0800: 0.797: [CMS-concurrent-preclean-start]
2020-10-29T14:50:22.491+0800: 0.797: [CMS-concurrent-preclean: 0.000/0.000 secs] [Times: user=0.00 sys=0.00, real=0.00 secs] 
2020-10-29T14:50:22.491+0800: 0.797: [CMS-concurrent-abortable-preclean-start]
2020-10-29T14:50:22.491+0800: 0.797: [CMS-concurrent-abortable-preclean: 0.000/0.000 secs] [Times: user=0.00 sys=0.00, real=0.00 secs] 
2020-10-29T14:50:22.491+0800: 0.798: [GC (CMS Final Remark) [YG occupancy: 20387 K (157248 K)]2020-10-29T14:50:22.491+0800: 0.798: [Rescan (parallel) , 0.0002991 secs]2020-10-29T14:50:22.491+0800: 0.798: [weak refs processing, 0.0000517 secs]2020-10-29T14:50:22.491+0800: 0.798: [class unloading, 0.0002181 secs]2020-10-29T14:50:22.492+0800: 0.798: [scrub symbol table, 0.0003142 secs]2020-10-29T14:50:22.492+0800: 0.799: [scrub string table, 0.0001236 secs][1 CMS-remark: 333691K(349568K)] 354078K(506816K), 0.0013473 secs] [Times: user=0.00 sys=0.00, real=0.00 secs] 
2020-10-29T14:50:22.492+0800: 0.799: [CMS-concurrent-sweep-start]
2020-10-29T14:50:22.493+0800: 0.799: [CMS-concurrent-sweep: 0.000/0.000 secs] [Times: user=0.00 sys=0.00, real=0.00 secs] 
2020-10-29T14:50:22.493+0800: 0.799: [CMS-concurrent-reset-start]
2020-10-29T14:50:22.493+0800: 0.800: [CMS-concurrent-reset: 0.000/0.000 secs] [Times: user=0.00 sys=0.00, real=0.00 secs] 
2020-10-29T14:50:22.506+0800: 0.813: [GC (Allocation Failure) 2020-10-29T14:50:22.506+0800: 0.813: [ParNew: 139329K->139329K(157248K), 0.0000593 secs]2020-10-29T14:50:22.507+0800: 0.813: [CMS: 333691K->337287K(349568K), 0.0410597 secs] 473021K->337287K(506816K), [Metaspace: 2688K->2688K(1056768K)], 0.0414156 secs] [Times: user=0.03 sys=0.00, real=0.04 secs] 
2020-10-29T14:50:22.548+0800: 0.855: [GC (CMS Initial Mark) [1 CMS-initial-mark: 337287K(349568K)] 337881K(506816K), 0.0001706 secs] [Times: user=0.00 sys=0.00, real=0.00 secs] 
2020-10-29T14:50:22.548+0800: 0.855: [CMS-concurrent-mark-start]
2020-10-29T14:50:22.550+0800: 0.857: [CMS-concurrent-mark: 0.002/0.002 secs] [Times: user=0.03 sys=0.00, real=0.00 secs] 
2020-10-29T14:50:22.550+0800: 0.857: [CMS-concurrent-preclean-start]
2020-10-29T14:50:22.551+0800: 0.857: [CMS-concurrent-preclean: 0.000/0.000 secs] [Times: user=0.00 sys=0.00, real=0.00 secs] 
2020-10-29T14:50:22.551+0800: 0.857: [CMS-concurrent-abortable-preclean-start]
2020-10-29T14:50:22.551+0800: 0.857: [CMS-concurrent-abortable-preclean: 0.000/0.000 secs] [Times: user=0.00 sys=0.00, real=0.00 secs] 
2020-10-29T14:50:22.551+0800: 0.858: [GC (CMS Final Remark) [YG occupancy: 19338 K (157248 K)]2020-10-29T14:50:22.551+0800: 0.858: [Rescan (parallel) , 0.0002609 secs]2020-10-29T14:50:22.551+0800: 0.858: [weak refs processing, 0.0000705 secs]2020-10-29T14:50:22.552+0800: 0.858: [class unloading, 0.0002361 secs]2020-10-29T14:50:22.552+0800: 0.858: [scrub symbol table, 0.0003025 secs]2020-10-29T14:50:22.552+0800: 0.859: [scrub string table, 0.0001192 secs][1 CMS-remark: 337287K(349568K)] 356625K(506816K), 0.0013394 secs] [Times: user=0.00 sys=0.00, real=0.00 secs] 
2020-10-29T14:50:22.553+0800: 0.859: [CMS-concurrent-sweep-start]
2020-10-29T14:50:22.553+0800: 0.860: [CMS-concurrent-sweep: 0.000/0.000 secs] [Times: user=0.00 sys=0.00, real=0.00 secs] 
2020-10-29T14:50:22.553+0800: 0.860: [CMS-concurrent-reset-start]
2020-10-29T14:50:22.554+0800: 0.860: [CMS-concurrent-reset: 0.000/0.000 secs] [Times: user=0.00 sys=0.00, real=0.00 secs] 
2020-10-29T14:50:22.568+0800: 0.875: [GC (Allocation Failure) 2020-10-29T14:50:22.569+0800: 0.875: [ParNew: 139645K->139645K(157248K), 0.0000806 secs]2020-10-29T14:50:22.569+0800: 0.875: [CMS: 336622K->331330K(349568K), 0.0409212 secs] 476267K->331330K(506816K), [Metaspace: 2688K->2688K(1056768K)], 0.0413376 secs] [Times: user=0.03 sys=0.00, real=0.04 secs] 
2020-10-29T14:50:22.610+0800: 0.917: [GC (CMS Initial Mark) [1 CMS-initial-mark: 331330K(349568K)] 334747K(506816K), 0.0002148 secs] [Times: user=0.00 sys=0.00, real=0.00 secs] 
2020-10-29T14:50:22.611+0800: 0.917: [CMS-concurrent-mark-start]
2020-10-29T14:50:22.613+0800: 0.919: [CMS-concurrent-mark: 0.002/0.002 secs] [Times: user=0.00 sys=0.00, real=0.00 secs] 
2020-10-29T14:50:22.613+0800: 0.919: [CMS-concurrent-preclean-start]
2020-10-29T14:50:22.613+0800: 0.919: [CMS-concurrent-preclean: 0.000/0.000 secs] [Times: user=0.00 sys=0.00, real=0.00 secs] 
2020-10-29T14:50:22.613+0800: 0.920: [CMS-concurrent-abortable-preclean-start]
2020-10-29T14:50:22.613+0800: 0.920: [CMS-concurrent-abortable-preclean: 0.000/0.000 secs] [Times: user=0.00 sys=0.00, real=0.00 secs] 
2020-10-29T14:50:22.613+0800: 0.920: [GC (CMS Final Remark) [YG occupancy: 24025 K (157248 K)]2020-10-29T14:50:22.614+0800: 0.920: [Rescan (parallel) , 0.0002449 secs]2020-10-29T14:50:22.614+0800: 0.920: [weak refs processing, 0.0000697 secs]2020-10-29T14:50:22.614+0800: 0.920: [class unloading, 0.0002055 secs]2020-10-29T14:50:22.614+0800: 0.921: [scrub symbol table, 0.0003068 secs]2020-10-29T14:50:22.615+0800: 0.921: [scrub string table, 0.0001682 secs][1 CMS-remark: 331330K(349568K)] 355356K(506816K), 0.0013491 secs] [Times: user=0.00 sys=0.00, real=0.00 secs] 
2020-10-29T14:50:22.615+0800: 0.921: [CMS-concurrent-sweep-start]
2020-10-29T14:50:22.615+0800: 0.922: [CMS-concurrent-sweep: 0.000/0.000 secs] [Times: user=0.00 sys=0.00, real=0.00 secs] 
2020-10-29T14:50:22.616+0800: 0.922: [CMS-concurrent-reset-start]
2020-10-29T14:50:22.616+0800: 0.922: [CMS-concurrent-reset: 0.000/0.000 secs] [Times: user=0.00 sys=0.00, real=0.00 secs] 
2020-10-29T14:50:22.630+0800: 0.937: [GC (Allocation Failure) 2020-10-29T14:50:22.630+0800: 0.937: [ParNew: 139776K->139776K(157248K), 0.0000589 secs]2020-10-29T14:50:22.630+0800: 0.937: [CMS: 330701K->340329K(349568K), 0.0421769 secs] 470477K->340329K(506816K), [Metaspace: 2688K->2688K(1056768K)], 0.0425110 secs] [Times: user=0.03 sys=0.00, real=0.04 secs] 
2020-10-29T14:50:22.673+0800: 0.979: [GC (CMS Initial Mark) [1 CMS-initial-mark: 340329K(349568K)] 343272K(506816K), 0.0002039 secs] [Times: user=0.00 sys=0.00, real=0.00 secs] 
2020-10-29T14:50:22.674+0800: 0.980: [CMS-concurrent-mark-start]
2020-10-29T14:50:22.675+0800: 0.982: [CMS-concurrent-mark: 0.002/0.002 secs] [Times: user=0.00 sys=0.00, real=0.00 secs] 
2020-10-29T14:50:22.675+0800: 0.982: [CMS-concurrent-preclean-start]
2020-10-29T14:50:22.676+0800: 0.982: [CMS-concurrent-preclean: 0.000/0.000 secs] [Times: user=0.00 sys=0.00, real=0.00 secs] 
2020-10-29T14:50:22.676+0800: 0.982: [CMS-concurrent-abortable-preclean-start]
2020-10-29T14:50:22.676+0800: 0.982: [CMS-concurrent-abortable-preclean: 0.000/0.000 secs] [Times: user=0.00 sys=0.00, real=0.00 secs] 
2020-10-29T14:50:22.676+0800: 0.982: [GC (CMS Final Remark) [YG occupancy: 23161 K (157248 K)]2020-10-29T14:50:22.676+0800: 0.983: [Rescan (parallel) , 0.0002728 secs]2020-10-29T14:50:22.677+0800: 0.983: [weak refs processing, 0.0000516 secs]2020-10-29T14:50:22.677+0800: 0.983: [class unloading, 0.0002081 secs]2020-10-29T14:50:22.677+0800: 0.983: [scrub symbol table, 0.0002989 secs]2020-10-29T14:50:22.677+0800: 0.984: [scrub string table, 0.0001255 secs][1 CMS-remark: 340329K(349568K)] 363491K(506816K), 0.0014009 secs] [Times: user=0.00 sys=0.00, real=0.00 secs] 
2020-10-29T14:50:22.678+0800: 0.984: [CMS-concurrent-sweep-start]
2020-10-29T14:50:22.678+0800: 0.984: [CMS-concurrent-sweep: 0.000/0.000 secs] [Times: user=0.00 sys=0.00, real=0.00 secs] 
2020-10-29T14:50:22.678+0800: 0.984: [CMS-concurrent-reset-start]
2020-10-29T14:50:22.679+0800: 0.985: [CMS-concurrent-reset: 0.000/0.000 secs] [Times: user=0.00 sys=0.00, real=0.00 secs] 
2020-10-29T14:50:22.690+0800: 0.997: [GC (Allocation Failure) 2020-10-29T14:50:22.690+0800: 0.998: [ParNew: 139776K->139776K(157248K), 0.0000675 secs]2020-10-29T14:50:22.691+0800: 0.998: [CMS: 339854K->344236K(349568K), 0.0422761 secs] 479630K->344236K(506816K), [Metaspace: 2688K->2688K(1056768K)], 0.0426320 secs] [Times: user=0.03 sys=0.00, real=0.04 secs] 
2020-10-29T14:50:22.733+0800: 1.040: [GC (CMS Initial Mark) [1 CMS-initial-mark: 344236K(349568K)] 347333K(506816K), 0.0001912 secs] [Times: user=0.00 sys=0.00, real=0.00 secs] 
2020-10-29T14:50:22.734+0800: 1.041: [CMS-concurrent-mark-start]
2020-10-29T14:50:22.736+0800: 1.043: [CMS-concurrent-mark: 0.002/0.002 secs] [Times: user=0.03 sys=0.00, real=0.00 secs] 
2020-10-29T14:50:22.736+0800: 1.043: [CMS-concurrent-preclean-start]
2020-10-29T14:50:22.736+0800: 1.043: [CMS-concurrent-preclean: 0.000/0.000 secs] [Times: user=0.00 sys=0.00, real=0.00 secs] 
2020-10-29T14:50:22.736+0800: 1.043: [CMS-concurrent-abortable-preclean-start]
2020-10-29T14:50:22.736+0800: 1.043: [CMS-concurrent-abortable-preclean: 0.000/0.000 secs] [Times: user=0.00 sys=0.00, real=0.00 secs] 
2020-10-29T14:50:22.737+0800: 1.044: [GC (CMS Final Remark) [YG occupancy: 25528 K (157248 K)]2020-10-29T14:50:22.737+0800: 1.044: [Rescan (parallel) , 0.0004217 secs]2020-10-29T14:50:22.737+0800: 1.044: [weak refs processing, 0.0000511 secs]2020-10-29T14:50:22.737+0800: 1.044: [class unloading, 0.0002130 secs]2020-10-29T14:50:22.738+0800: 1.045: [scrub symbol table, 0.0003404 secs]2020-10-29T14:50:22.738+0800: 1.045: [scrub string table, 0.0001178 secs][1 CMS-remark: 344236K(349568K)] 369765K(506816K), 0.0014819 secs] [Times: user=0.00 sys=0.00, real=0.00 secs] 
2020-10-29T14:50:22.738+0800: 1.045: [CMS-concurrent-sweep-start]
2020-10-29T14:50:22.739+0800: 1.046: [CMS-concurrent-sweep: 0.000/0.000 secs] [Times: user=0.00 sys=0.00, real=0.00 secs] 
2020-10-29T14:50:22.739+0800: 1.046: [CMS-concurrent-reset-start]
2020-10-29T14:50:22.739+0800: 1.046: [CMS-concurrent-reset: 0.000/0.000 secs] [Times: user=0.00 sys=0.00, real=0.00 secs] 
2020-10-29T14:50:22.751+0800: 1.058: [GC (Allocation Failure) 2020-10-29T14:50:22.751+0800: 1.058: [ParNew: 139776K->139776K(157248K), 0.0000793 secs]2020-10-29T14:50:22.751+0800: 1.058: [CMS: 343829K->349358K(349568K), 0.0446508 secs] 483605K->349358K(506816K), [Metaspace: 2688K->2688K(1056768K)], 0.0451144 secs] [Times: user=0.03 sys=0.00, real=0.05 secs] 
2020-10-29T14:50:22.796+0800: 1.103: [GC (CMS Initial Mark) [1 CMS-initial-mark: 349358K(349568K)] 353247K(506816K), 0.0002776 secs] [Times: user=0.00 sys=0.00, real=0.00 secs] 
2020-10-29T14:50:22.797+0800: 1.103: [CMS-concurrent-mark-start]
2020-10-29T14:50:22.798+0800: 1.105: [CMS-concurrent-mark: 0.002/0.002 secs] [Times: user=0.03 sys=0.00, real=0.00 secs] 
2020-10-29T14:50:22.799+0800: 1.105: [CMS-concurrent-preclean-start]
2020-10-29T14:50:22.799+0800: 1.106: [CMS-concurrent-preclean: 0.001/0.001 secs] [Times: user=0.00 sys=0.00, real=0.00 secs] 
2020-10-29T14:50:22.799+0800: 1.106: [CMS-concurrent-abortable-preclean-start]
2020-10-29T14:50:22.799+0800: 1.106: [CMS-concurrent-abortable-preclean: 0.000/0.000 secs] [Times: user=0.00 sys=0.00, real=0.00 secs] 
2020-10-29T14:50:22.800+0800: 1.106: [GC (CMS Final Remark) [YG occupancy: 25385 K (157248 K)]2020-10-29T14:50:22.800+0800: 1.107: [Rescan (parallel) , 0.0004192 secs]2020-10-29T14:50:22.800+0800: 1.107: [weak refs processing, 0.0001231 secs]2020-10-29T14:50:22.800+0800: 1.107: [class unloading, 0.0003008 secs]2020-10-29T14:50:22.801+0800: 1.108: [scrub symbol table, 0.0003451 secs]2020-10-29T14:50:22.801+0800: 1.108: [scrub string table, 0.0001199 secs][1 CMS-remark: 349358K(349568K)] 374744K(506816K), 0.0017684 secs] [Times: user=0.00 sys=0.00, real=0.00 secs] 
2020-10-29T14:50:22.802+0800: 1.108: [CMS-concurrent-sweep-start]
2020-10-29T14:50:22.802+0800: 1.109: [CMS-concurrent-sweep: 0.000/0.000 secs] [Times: user=0.00 sys=0.00, real=0.00 secs] 
2020-10-29T14:50:22.802+0800: 1.109: [CMS-concurrent-reset-start]
2020-10-29T14:50:22.802+0800: 1.109: [CMS-concurrent-reset: 0.000/0.000 secs] [Times: user=0.00 sys=0.00, real=0.00 secs] 
2020-10-29T14:50:22.813+0800: 1.120: [GC (Allocation Failure) 2020-10-29T14:50:22.813+0800: 1.120: [ParNew: 139776K->139776K(157248K), 0.0000621 secs]2020-10-29T14:50:22.813+0800: 1.120: [CMS: 349328K->349492K(349568K), 0.0438673 secs] 489104K->354810K(506816K), [Metaspace: 2688K->2688K(1056768K)], 0.0442051 secs] [Times: user=0.05 sys=0.00, real=0.05 secs] 
2020-10-29T14:50:22.858+0800: 1.164: [GC (CMS Initial Mark) [1 CMS-initial-mark: 349492K(349568K)] 355460K(506816K), 0.0001893 secs] [Times: user=0.00 sys=0.00, real=0.00 secs] 
2020-10-29T14:50:22.858+0800: 1.165: [CMS-concurrent-mark-start]
Heap
 par new generation   total 157248K, used 11546K [0x00000000e0000000, 0x00000000eaaa0000, 0x00000000eaaa0000)
  eden space 139776K,   8% used [0x00000000e0000000, 0x00000000e0b46800, 0x00000000e8880000)
  from space 17472K,   0% used [0x00000000e8880000, 0x00000000e8880000, 0x00000000e9990000)
  to   space 17472K,   0% used [0x00000000e9990000, 0x00000000e9990000, 0x00000000eaaa0000)
 concurrent mark-sweep generation total 349568K, used 349492K [0x00000000eaaa0000, 0x0000000100000000, 0x0000000100000000)
 Metaspace       used 2694K, capacity 4486K, committed 4864K, reserved 1056768K
  class space    used 290K, capacity 386K, committed 512K, reserved 1048576K
