Java HotSpot(TM) 64-Bit Server VM (25.171-b11) for windows-amd64 JRE (1.8.0_171-b11), built on Mar 28 2018 16:06:12 by "java_re" with MS VC++ 10.0 (VS2010)
Memory: 4k page, physical 16658664k(6239620k free), swap 39727336k(20936336k free)
CommandLine flags: -XX:InitialHeapSize=4294967296 -XX:MaxHeapSize=4294967296 -XX:+PrintGC -XX:+PrintGCDateStamps -XX:+PrintGCDetails -XX:+PrintGCTimeStamps -XX:+UseCompressedClassPointers -XX:+UseCompressedOops -XX:-UseLargePagesIndividualAllocation -XX:+UseParallelGC 
2020-10-29T16:53:16.189+0800: 0.675: [GC (Allocation Failure) [PSYoungGen: 1048576K->174577K(1223168K)] 1048576K->237105K(4019712K), 0.0396551 secs] [Times: user=0.08 sys=0.05, real=0.04 secs] 
2020-10-29T16:53:16.365+0800: 0.851: [GC (Allocation Failure) [PSYoungGen: 1223153K->174587K(1223168K)] 1285681K->359687K(4019712K), 0.0519104 secs] [Times: user=0.08 sys=0.11, real=0.05 secs] 
2020-10-29T16:53:16.545+0800: 1.032: [GC (Allocation Failure) [PSYoungGen: 1223163K->174584K(1223168K)] 1408263K->475576K(4019712K), 0.0420875 secs] [Times: user=0.13 sys=0.05, real=0.04 secs] 
Heap
 PSYoungGen      total 1223168K, used 913979K [0x000000076ab00000, 0x00000007c0000000, 0x00000007c0000000)
  eden space 1048576K, 70% used [0x000000076ab00000,0x0000000797d10e98,0x00000007aab00000)
  from space 174592K, 99% used [0x00000007aab00000,0x00000007b557e048,0x00000007b5580000)
  to   space 174592K, 0% used [0x00000007b5580000,0x00000007b5580000,0x00000007c0000000)
 ParOldGen       total 2796544K, used 300992K [0x00000006c0000000, 0x000000076ab00000, 0x000000076ab00000)
  object space 2796544K, 10% used [0x00000006c0000000,0x00000006d25f0288,0x000000076ab00000)
 Metaspace       used 2694K, capacity 4486K, committed 4864K, reserved 1056768K
  class space    used 290K, capacity 386K, committed 512K, reserved 1048576K
